[ Info: Forcing hamada coordinate jacobian exponents: power_*
Test Summary:       | Pass  Total  Time
Test Sing Functions | 2072   2072  2.1s
