Equilibrium file: src/Pentrc/tmp/runtime_fcgl_case/g147131.02300_DIIID_KEFIT
--> Processing EFIT g-file: src/Pentrc/tmp/runtime_fcgl_case/g147131.02300_DIIID_KEFIT
--> Parsed from header: nw=129, nh=129
   Magnetic axis found at R = 1.75888, Z = 0.02442
   Inboard separatrix found at R = 1.0872289007986813.
   Outboard separatrix found at R = 2.292018620764088.
TRACE tpsi start method=fcgl psi=1.022459862108362e-01 n=1 l=0 electron=F
TRACE eq q=1.147205461068e+00 epsr=NA bmin=1.558896855747e+00 bmax=1.870270259347e+00
TRACE eq theta_bmin=4.554131173408e-03 theta_bmax=5.043308001591e-01
TRACE eq wdian=7.233499717386e+03 wdiat=2.894286849906e+04 welec=8.016211259740e+04 wtran=3.154793393425e+05 wgyro=8.269579661463e+07 nuk=3.388651119140e+02
TRACE dbob_m_f= [1]=1.759442913643e-07 +1.796799153194e-07i [2]=2.569550446109e-07 +2.507613150732e-07i [3]=2.365293668740e-07 +2.545737044392e-07i [4]=3.477253966942e-07 +3.223685202220e-07i [5]=2.861325327767e-07 +3.826083960488e-07i [6]=5.105329753298e-07 +3.343623186870e-07i [7]=1.805575880992e-07 +7.793668781895e-07i [8]=9.371101862360e-07 -6.261622304681e-08i [9]=-6.387351380996e-07 +2.705740734222e-06i [10]=1.590641338051e-06 -3.077056175877e-06i [11]=1.689077190391e-06 +2.504235435199e-06i [12]=1.205025353320e-05 +1.853884693380e-08i [13]=6.514492643424e-05 -3.167687333416e-04i [14]=8.342083794207e-06 +2.882156785570e-04i [15]=2.961180507065e-04 +2.696955160911e-04i [16]=-5.658373143021e-06 -3.375576292423e-06i [17]=1.850904100499e-06 -6.532678160054e-07i [18]=-8.784250113294e-08 -2.109154577571e-06i [19]=-3.374671042460e-07 -5.836944989251e-07i [20]=-3.756820044750e-07 -6.770888746711e-07i [21]=-3.631901296446e-07 -5.089204969588e-07i [22]=-3.153629021810e-07 -4.623760247746e-07i [23]=-3.065338359157e-07 -4.256681869449e-07i [24]=-2.642851383484e-07 -3.703504800303e-07i [25]=-2.553910538430e-07 -3.584444131812e-07i [26]=-2.150403694462e-07 -3.129483943628e-07i [27]=-2.003099750131e-07 -3.065905673510e-07i [28]=-1.560695706477e-07 -2.693660351669e-07i [29]=-1.360662481880e-07 -2.633239000489e-07i [30]=-9.307776148811e-08 -2.337370698598e-07i [31]=-7.824763361815e-08 -2.279097680079e-07i [32]=-4.790911710816e-08 -2.043288056631e-07i [33]=-5.138509540473e-08 -2.010375716753e-07i [34]=-4.240704418592e-08 -1.833375777418e-07i
TRACE divx_m_f= [1]=-3.961234572517e-07 -3.739380200844e-07i [2]=-4.924658387258e-07 -4.616484862016e-07i [3]=-4.857927619237e-07 -4.879834467564e-07i [4]=-6.254800259243e-07 -5.730379265327e-07i [5]=-5.614025304479e-07 -6.917163125856e-07i [6]=-8.663947336328e-07 -6.164735949974e-07i [7]=-3.525643879886e-07 -1.390928694724e-06i [8]=-1.424079449715e-06 -2.083432959904e-07i [9]=1.486082618322e-06 -5.180475289990e-06i [10]=-1.475806670943e-06 +3.476869484062e-06i [11]=1.146269310622e-07 -1.168135912659e-05i [12]=-1.057252429793e-05 -1.368113389508e-05i [13]=-3.977384260836e-05 +4.435933628235e-04i [14]=1.303093015146e-05 -5.776424906453e-04i [15]=-5.855079220781e-04 -5.189880845416e-04i [16]=-1.510353621679e-05 -1.308471478994e-05i [17]=-3.722270758219e-06 +3.721173355871e-07i [18]=1.022737670194e-07 +3.959965943233e-06i [19]=6.761634284273e-07 +1.371786640583e-06i [20]=8.154638973069e-07 +1.393810528851e-06i [21]=7.423960337664e-07 +1.051942767535e-06i [22]=6.522332385528e-07 +9.459831049270e-07i [23]=5.947864231479e-07 +8.458813232077e-07i [24]=5.163795152300e-07 +7.486841850188e-07i [25]=4.768164708515e-07 +7.014444427233e-07i [26]=4.120430599635e-07 +6.281168514089e-07i [27]=3.774493926611e-07 +5.985077111767e-07i [28]=3.158411769367e-07 +5.408800004583e-07i [29]=2.811787596833e-07 +5.175280674037e-07i [30]=2.256039081466e-07 +4.729737081498e-07i [31]=1.996341578424e-07 +4.536681070963e-07i [32]=1.596028483547e-07 +4.183477841635e-07i [33]=1.544576289085e-07 +4.051397231088e-07i [34]=1.376982609251e-07 +3.779271707928e-07i
TRACE fcgl theta=0.000000000000e+00 dbob=3.800940487131e-04 +2.340079036206e-04i divx=-6.398885441474e-04 -6.821873903634e-04i kapx=1.298972477172e-04 +2.240897433714e-04i jac=1.215049846355e+01
TRACE fcgl integrands=5.314852718023e-06 3.808987415096e-07
TRACE fcgl theta=3.906250000000e-03 dbob=3.623025719443e-04 +2.464907360991e-04i divx=-6.045370998698e-04 -7.086369611529e-04i kapx=1.211172639628e-04 +2.310731125269e-04i jac=1.215049846355e+01
TRACE fcgl integrands=5.271077286899e-06 3.548434967527e-07
TRACE fcgl theta=7.812500000000e-03 dbob=3.437490003276e-04 +2.586490974936e-04i divx=-5.676405224509e-04 -7.343593710543e-04i kapx=1.119457610616e-04 +2.378551367804e-04i jac=1.215049846355e+01
TRACE fcgl integrands=5.233823863181e-06 3.290666676798e-07
TRACE fcgl theta=1.171875000000e-02 dbob=3.242506413895e-04 +2.704473032489e-04i divx=-5.288226990148e-04 -7.592874380315e-04i kapx=1.022860288126e-04 +2.444200673913e-04i jac=1.215049846355e+01
TRACE fcgl integrands=5.201451362798e-06 3.034326134820e-07
TRACE fcgl theta=1.562500000000e-02 dbob=3.036677281804e-04 +2.817828732091e-04i divx=-4.877879592908e-04 -7.832104614518e-04i kapx=9.206011555522e-05 +2.507137941213e-04i jac=1.215049846355e+01
TRACE fcgl integrands=5.172198184848e-06 2.779005472088e-07
TRACE fcgl theta=1.953125000000e-02 dbob=2.819276208969e-04 +2.925061349384e-04i divx=-4.443747306193e-04 -8.058121549412e-04i kapx=8.122355486120e-05 +2.566530100014e-04i jac=1.215049846355e+01
TRACE fcgl integrands=5.144533991350e-06 2.525333397568e-07
TRACE fcgl theta=2.343750000000e-02 dbob=2.590368787347e-04 +3.024471214481e-04i divx=-3.985849501998e-04 -8.267258750857e-04i kapx=6.977403573258e-05 +2.621393768188e-04i jac=1.215049846355e+01
TRACE fcgl integrands=5.117459672299e-06 2.274885459796e-07
TRACE fcgl theta=2.734375000000e-02 dbob=2.350795294945e-04 +3.114440396948e-04i divx=-3.505846490260e-04 -8.455953782332e-04i kapx=5.775255976575e-05 +2.670756692692e-04i jac=1.215049846355e+01
TRACE fcgl integrands=5.090701265976e-06 2.029947720935e-07
TRACE fcgl theta=3.125000000000e-02 dbob=2.102026505953e-04 +3.193675623419e-04i divx=-3.006769922978e-04 -8.621287442306e-04i kapx=4.523717085126e-05 +2.713805909443e-04i jac=1.215049846355e+01
TRACE fcgl integrands=5.064768976562e-06 1.793192369210e-07
TRACE fcgl theta=3.515625000000e-02 dbob=1.845928215408e-04 +3.261363881077e-04i divx=-2.492544686600e-04 -8.761351514573e-04i kapx=3.233082355963e-05 +2.749993816748e-04i jac=1.215049846355e+01
TRACE fcgl integrands=5.040880904849e-06 1.567335898041e-07
TRACE fcgl theta=3.906250000000e-02 dbob=1.584486034541e-04 +3.317216223425e-04i divx=-1.967407205932e-04 -8.875383422175e-04i kapx=1.914605856953e-05 +2.779083599375e-04i jac=1.215049846355e+01
TRACE fcgl integrands=5.020775634697e-06 1.354845354329e-07
TRACE fcgl theta=4.296875000000e-02 dbob=1.319546379987e-04 +3.361400530463e-04i divx=-1.435339413192e-04 -8.963658986959e-04i kapx=5.789651660242e-06 +2.801129228248e-04i jac=1.215049846355e+01
TRACE fcgl integrands=5.006453821562e-06 1.157738563453e-07
TRACE fcgl theta=4.687500000000e-02 dbob=1.052621942689e-04 +3.394387664546e-04i divx=-8.996261658347e-05 -9.027186548099e-04i kapx=-7.649788842732e-06 +2.816399441777e-04i jac=1.215049846355e+01
TRACE fcgl integrands=4.999895137221e-06 9.774966529915e-08
TRACE fcgl theta=5.078125000000e-02 dbob=7.847925400296e-05 +3.416752447941e-04i divx=-3.626102833103e-05 -9.067285545042e-04i kapx=-2.110911283596e-05 +2.825266548551e-04i jac=1.215049846355e+01
TRACE fcgl integrands=5.002794802674e-06 8.150796468892e-08
TRACE fcgl theta=5.468750000000e-02 dbob=5.167094589555e-05 +3.428977724588e-04i divx=1.743279480431e-05 -9.085152048855e-04i kapx=-3.455187034993e-05 +2.828087162134e-04i jac=1.215049846355e+01
TRACE fcgl integrands=5.016356254164e-06 6.710154526682e-08
TRACE fcgl theta=5.859375000000e-02 dbob=2.486885326939e-05 +3.431305451638e-04i divx=7.105898427175e-05 -9.081509300422e-04i kapx=-4.796391877057e-05 +2.825101924392e-04i jac=1.215049846355e+01
TRACE fcgl integrands=5.041165817126e-06 5.455233503514e-08
TRACE fcgl theta=6.250000000000e-02 dbob=-1.914064328142e-06 +3.423664867956e-04i divx=1.246040249678e-04 -9.056415284274e-04i kapx=-6.134498031985e-05 +2.816375208159e-04i jac=1.215049846355e+01
TRACE fcgl integrands=5.077163188051e-06 4.386354905243e-08
TRACE fcgl theta=6.640625000000e-02 dbob=-2.866710655209e-05 +3.405687992296e-04i divx=1.780640550792e-04 -9.009258751393e-04i kapx=-7.469847426356e-05 +2.801785379548e-04i jac=1.215049846355e+01
TRACE fcgl integrands=5.123708704914e-06 3.502910014474e-08
TRACE fcgl theta=7.031250000000e-02 dbob=-5.536808499249e-05 +3.376801873581e-04i divx=2.314123164303e-04 -8.938929932316e-04i kapx=-8.802211571892e-05 +2.781064029368e-04i jac=1.215049846355e+01
TRACE fcgl integrands=5.179735281131e-06 2.803922847599e-08
TRACE fcgl theta=7.421875000000e-02 dbob=-8.197521472368e-05 +3.336370006118e-04i divx=2.845779451093e-04 -8.844113049189e-04i kapx=-1.013013651928e-04 +2.753871521535e-04i jac=1.215049846355e+01
TRACE fcgl integrands=5.243960504782e-06 2.288269923720e-08
TRACE fcgl theta=7.812500000000e-02 dbob=-1.084260040263e-04 +3.283845853665e-04i divx=3.374399231577e-04 -8.723623316593e-04i kapx=-1.145069595657e-04 +2.719888731464e-04i jac=1.215049846355e+01
TRACE fcgl integrands=5.315124615418e-06 1.954683723267e-08
TRACE fcgl theta=8.203125000000e-02 dbob=-1.346426497676e-04 +3.218901260947e-04i divx=3.898360137390e-04 -8.576706228537e-04i kapx=-1.275966819857e-04 +2.678902483795e-04i jac=1.215049846355e+01
TRACE fcgl integrands=5.392215126502e-06 1.801695629545e-08
TRACE fcgl theta=8.593750000000e-02 dbob=-1.605418581820e-04 +3.141501150882e-04i divx=4.415828579681e-04 -8.403231558492e-04i kapx=-1.405204998931e-04 +2.630865203805e-04i jac=1.215049846355e+01
TRACE fcgl integrands=5.474640534577e-06 1.827644864040e-08
TRACE fcgl theta=8.984375000000e-02 dbob=-1.860460522614e-04 +3.051910740340e-04i divx=4.925009657959e-04 -8.203744054058e-04i kapx=-1.532274567672e-04 +2.575916656859e-04i jac=1.215049846355e+01
TRACE fcgl integrands=5.562324240082e-06 2.030812372618e-08
TRACE fcgl theta=9.375000000000e-02 dbob=-2.110927909368e-04 +2.950638645595e-04i divx=5.424375969811e-04 -7.979369404388e-04i kapx=-1.656724030221e-04 +2.514365379397e-04i jac=1.215049846355e+01
TRACE fcgl integrands=5.655704108581e-06 2.409659678461e-08
TRACE fcgl theta=9.765625000000e-02 dbob=-2.356398951152e-04 +2.838334438852e-04i divx=5.912815729639e-04 -7.731608562240e-04i kapx=-1.778208389244e-04 +2.446637061694e-04i jac=1.215049846355e+01
TRACE fcgl integrands=5.755640139443e-06 2.963088362096e-08
TRACE fcgl theta=1.015625000000e-01 dbob=-2.596650391129e-04 +2.715668906741e-04i divx=6.389665230899e-04 -7.462077774718e-04i kapx=-1.896507419885e-04 +2.373204433989e-04i jac=1.215049846355e+01
TRACE fcgl integrands=5.863248943242e-06 3.690605132665e-08
TRACE fcgl theta=1.054687500000e-01 dbob=-2.831600761723e-04 +2.583227421762e-04i divx=6.854622600210e-04 -7.172260483971e-04i kapx=-2.011510919244e-04 +2.294516531104e-04i jac=1.215049846355e+01
TRACE fcgl integrands=5.979695976841e-06 4.592288962966e-08
TRACE fcgl theta=1.093750000000e-01 dbob=-3.061217332432e-04 +2.441441383485e-04i divx=7.307570678379e-04 -6.863329396828e-04i kapx=-2.123176672973e-04 +2.210944006672e-04i jac=1.215049846355e+01
TRACE fcgl integrands=6.105982680041e-06 5.668507161601e-08
TRACE fcgl theta=1.132812500000e-01 dbob=-3.285411973259e-04 +2.290571403424e-04i divx=7.748359086167e-04 -6.536075409762e-04i kapx=-2.231473556454e-04 +2.122752003169e-04i jac=1.215049846355e+01
TRACE fcgl integrands=6.242765134102e-06 6.919402302841e-08
TRACE fcgl theta=1.171875000000e-01 dbob=-3.503953226553e-04 +2.130741924463e-04i divx=8.176603977617e-04 -6.190950841341e-04i kapx=-2.336325375532e-04 +2.030104458439e-04i jac=1.215049846355e+01
TRACE fcgl integrands=6.390234193052e-06 8.344249706171e-08
TRACE fcgl theta=1.210937500000e-01 dbob=-3.716416929088e-04 +1.962013919087e-04i divx=8.591557205240e-04 -5.828205246163e-04i kapx=-2.437570138076e-04 +1.933095663538e-04i jac=1.215049846355e+01
TRACE fcgl integrands=6.548075648904e-06 9.940841500155e-08
TRACE fcgl theta=1.250000000000e-01 dbob=-3.922187299826e-04 +1.784473420501e-04i divx=8.992077034475e-04 -5.448070221012e-04i kapx=-2.534944867324e-04 +1.831798400255e-04i jac=1.215049846355e+01
TRACE fcgl integrands=6.715514798623e-06 1.170506860315e-07
TRACE fcgl theta=1.289062500000e-01 dbob=-4.120507358531e-04 +1.598310928532e-04i divx=9.376705653985e-04 -5.050940127514e-04i kapx=-2.628099147727e-04 +1.726314599491e-04i jac=1.215049846355e+01
TRACE fcgl integrands=6.891434974491e-06 1.363083747845e-07
TRACE fcgl theta=1.328125000000e-01 dbob=-4.310565256827e-04 +1.403870570078e-04i divx=9.743831621494e-04 -4.637500254425e-04i kapx=-2.716633182334e-04 +1.616814842173e-04i jac=1.215049846355e+01
TRACE fcgl integrands=7.074546521196e-06 1.571038018535e-07
TRACE fcgl theta=1.367187500000e-01 dbob=-4.491594646183e-04 +1.201656983489e-04i divx=1.009189489450e-03 -4.208770710008e-04i kapx=-2.800150124157e-04 +1.503556863260e-04i jac=1.215049846355e+01
TRACE fcgl integrands=7.263573658890e-06 1.793491402325e-07
TRACE fcgl theta=1.406250000000e-01 dbob=-4.662964551146e-04 +9.922996673446e-05i divx=1.041958309803e-03 -3.766058374186e-04i kapx=-2.878309273440e-04 +1.386879353421e-04i jac=1.215049846355e+01
TRACE fcgl integrands=7.457423571842e-06 2.029550970812e-07
TRACE fcgl theta=1.445312500000e-01 dbob=-4.824237796900e-04 +7.764858465747e-05i divx=1.072597195543e-03 -3.310834039623e-04i kapx=-2.950867079267e-04 +1.267174096524e-04i jac=1.215049846355e+01
TRACE fcgl integrands=7.655305910134e-06 2.278396347839e-07
TRACE fcgl theta=1.484375000000e-01 dbob=-4.975185705984e-04 +5.548808706300e-05i divx=1.101057871160e-03 -2.844571020426e-04i kapx=-3.017696502807e-04 +1.144845074898e-04i jac=1.215049846355e+01
TRACE fcgl integrands=7.856781309729e-06 2.539345883234e-07
TRACE fcgl theta=1.523437500000e-01 dbob=-5.115758141113e-04 +3.280578502493e-05i divx=1.127332040263e-03 -2.368590318805e-04i kapx=-3.078781130756e-04 +1.020266234278e-04i jac=1.215049846355e+01
TRACE fcgl integrands=8.061732585177e-06 2.811885236119e-07
TRACE fcgl theta=1.562500000000e-01 dbob=-5.246019055127e-04 +9.645516535358e-06i divx=1.151439285052e-03 -1.883954070312e-04i kapx=-3.134186897699e-04 +8.937494524793e-05i jac=1.215049846355e+01
TRACE fcgl integrands=8.270268714082e-06 3.095651290549e-07
TRACE fcgl theta=1.601562500000e-01 dbob=-5.366065729307e-04 -1.396273618945e-05i divx=1.173410516398e-03 -1.391434795730e-04i kapx=-3.184019717334e-04 +7.655310788122e-05i jac=1.215049846355e+01
TRACE fcgl integrands=8.482585864142e-06 3.390375822395e-07
TRACE fcgl theta=1.640625000000e-01 dbob=-5.475952939027e-04 -3.799932492112e-05i divx=1.193271373842e-03 -8.915670621410e-05i kapx=-3.228380399696e-04 +6.357801556761e-05i jac=1.215049846355e+01
TRACE fcgl integrands=8.698818212493e-06 3.695803709358e-07
TRACE fcgl theta=1.679687500000e-01 dbob=-5.575640818246e-04 -6.244849273922e-05i divx=1.211029735453e-03 -3.847661698225e-05i kapx=-3.267328268144e-04 +5.046255486073e-05i jac=1.215049846355e+01
TRACE fcgl integrands=8.918912222061e-06 4.011606929960e-07
TRACE fcgl theta=1.718750000000e-01 dbob=-5.664978068052e-04 -8.729073266332e-05i divx=1.226670209658e-03 +1.285188218876e-05i kapx=-3.300862014264e-04 +3.721942523728e-05i jac=1.215049846355e+01
TRACE fcgl integrands=9.142551283042e-06 4.337316449230e-07
TRACE fcgl theta=1.757812500000e-01 dbob=-5.743722390644e-04 -1.124959437318e-04i divx=1.240156520890e-03 +6.476587017564e-05i kapx=-3.328921409129e-04 +2.386503677808e-05i jac=1.215049846355e+01
TRACE fcgl integrands=9.369144957504e-06 4.672289181207e-07
TRACE fcgl theta=1.796875000000e-01 dbob=-5.811590246727e-04 -1.380191334014e-04i divx=1.251440601215e-03 +1.171742723338e-04i kapx=-3.351407882710e-04 +1.042243053378e-05i jac=1.215049846355e+01
TRACE fcgl integrands=9.597881579607e-06 5.015717901082e-07
TRACE fcgl theta=1.835937500000e-01 dbob=-5.868320753098e-04 -1.637997258764e-04i divx=1.260475508909e-03 +1.699548138994e-04i kapx=-3.368217167994e-04 -3.077544011530e-06i jac=1.215049846355e+01
TRACE fcgl integrands=9.827828298045e-06 5.366680709056e-07
TRACE fcgl theta=1.875000000000e-01 dbob=-5.913735540746e-04 -1.897645949492e-04i divx=1.267228433513e-03 +2.229587741197e-04i kapx=-3.379274397192e-04 -1.659708958526e-05i jac=1.215049846355e+01
TRACE fcgl integrands=1.005805211756e-05 5.724216337055e-07
TRACE fcgl theta=1.914062500000e-01 dbob=-5.947778292033e-04 -2.158339961126e-04i divx=1.271690205495e-03 +2.760222385122e-04i kapx=-3.384561881459e-04 -3.009412119978e-05i jac=1.215049846355e+01
TRACE fcgl integrands=1.028773139371e-05 6.087404882471e-07
TRACE fcgl theta=1.953125000000e-01 dbob=-5.970523789258e-04 -2.419288679974e-04i divx=1.273878826010e-03 +3.289809280028e-04i kapx=-3.384132235422e-04 -4.352603000270e-05i jac=1.215049846355e+01
TRACE fcgl integrands=1.051623038379e-05 6.455432181876e-07
TRACE fcgl theta=1.992187500000e-01 dbob=-5.982154886098e-04 -2.679776805062e-04i divx=1.273836245551e-03 +3.816848629709e-04i kapx=-3.378103784704e-04 -5.685359123236e-05i jac=1.215049846355e+01
TRACE fcgl integrands=1.074311907627e-05 6.827620396491e-07
TRACE fcgl theta=2.031250000000e-01 dbob=-5.982914525312e-04 -2.939211879309e-04i divx=1.271619477181e-03 +4.340092837575e-04i kapx=-3.366640123247e-04 -7.004404791333e-05i jac=1.215049846355e+01
TRACE fcgl integrands=1.096813438838e-05 7.203416409800e-07
TRACE fcgl theta=2.070312500000e-01 dbob=-5.973046478511e-04 -3.197140377204e-04i divx=1.267288636349e-03 +4.858593232987e-04i kapx=-3.349919942488e-04 -8.307264278913e-05i jac=1.215049846355e+01
TRACE fcgl integrands=1.119109370668e-05 7.582341049516e-07
TRACE fcgl theta=2.109375000000e-01 dbob=-5.952741218934e-04 -3.453230233926e-04i divx=1.260895268270e-03 +5.371676055825e-04i kapx=-3.328105731883e-04 -9.592229109494e-05i jac=1.215049846355e+01
TRACE fcgl integrands=1.141178408619e-05 7.963912972472e-07
TRACE fcgl theta=2.148437500000e-01 dbob=-5.922101644923e-04 -3.707226294855e-04i divx=1.252474173971e-03 +5.878857724898e-04i kapx=-3.301320047392e-04 -1.085815715022e-04i jac=1.215049846355e+01
TRACE fcgl integrands=1.162985712530e-05 8.347568389758e-07
TRACE fcgl theta=2.187500000000e-01 dbob=-5.881137814126e-04 -3.958891753165e-04i divx=1.242040942248e-03 +6.379724435560e-04i kapx=-3.269635804175e-04 -1.210416341198e-04i jac=1.215049846355e+01
TRACE fcgl integrands=1.184475875715e-05 8.732599598929e-07
TRACE fcgl theta=2.226562500000e-01 dbob=-5.829791985690e-04 -4.207951596748e-04i divx=1.229595824460e-03 +6.873809106287e-04i kapx=-3.233083129455e-04 -1.332928754769e-04i jac=1.215049846355e+01
TRACE fcgl integrands=1.205571490268e-05 9.118130898094e-07
TRACE fcgl theta=2.265625000000e-01 dbob=-5.767987220636e-04 -4.454052769544e-04i divx=1.215132880950e-03 +7.360497797649e-04i kapx=-3.191670794431e-04 -1.453222514052e-04i jac=1.215049846355e+01
TRACE fcgl integrands=1.226177999847e-05 9.503140902277e-07
TRACE fcgl theta=2.304687500000e-01 dbob=-5.695686673805e-04 -4.696750661468e-04i divx=1.198651935891e-03 +7.838988502488e-04i kapx=-3.145416342553e-04 -1.571118920510e-04i jac=1.215049846355e+01
TRACE fcgl integrands=1.246193925547e-05 9.886528005742e-07
TRACE fcgl theta=2.343750000000e-01 dbob=-5.612948081214e-04 -4.935524137189e-04i divx=1.180170161221e-03 +8.308310351535e-04i kapx=-3.094376765496e-04 -1.686393107173e-04i jac=1.215049846355e+01
TRACE fcgl integrands=1.265524121702e-05 1.026720396101e-06
TRACE fcgl theta=2.382812500000e-01 dbob=-5.519959412065e-04 -5.169813616007e-04i divx=1.159730243605e-03 +8.767394880880e-04i kapx=-3.038671511990e-04 -1.798790632437e-04i jac=1.215049846355e+01
TRACE fcgl integrands=1.284092847285e-05 1.064419241995e-06
TRACE fcgl theta=2.421875000000e-01 dbob=-5.417046739047e-04 -5.399070756314e-04i divx=1.137403017878e-03 +9.215177433063e-04i kapx=-2.978491719866e-04 -1.908053338374e-04i jac=1.215049846355e+01
TRACE fcgl integrands=1.301853357499e-05 1.101670701606e-06
TRACE fcgl theta=2.460937500000e-01 dbob=-5.304652675504e-04 -5.622805594119e-04i divx=1.113283915276e-03 +9.650699506023e-04i kapx=-2.914093238627e-04 -2.013946955952e-04i jac=1.215049846355e+01
TRACE fcgl integrands=1.318791461746e-05 1.138418784442e-06
TRACE fcgl theta=2.500000000000e-01 dbob=-5.183291283238e-04 -5.840618151504e-04i divx=1.087484180107e-03 +1.007318365260e-03i kapx=-2.845775258916e-04 -2.116282750549e-04i jac=1.215049846355e+01
TRACE fcgl integrands=1.334921883566e-05 1.174628500178e-06
TRACE fcgl theta=2.539062500000e-01 dbob=-5.053491200179e-04 -6.052206146336e-04i divx=1.060119131750e-03 +1.048206092376e-03i kapx=-2.773850058662e-04 -2.214927388714e-04i jac=1.215049846355e+01
TRACE fcgl integrands=1.350277959720e-05 1.210279074504e-06
TRACE fcgl theta=2.578125000000e-01 dbob=-4.915741397819e-04 -6.257347178732e-04i divx=1.031296451136e-03 +1.087694439817e-03i kapx=-2.698611556769e-04 -2.309798609721e-04i jac=1.215049846355e+01
TRACE fcgl integrands=1.364896819150e-05 1.245353459068e-06
TRACE fcgl theta=2.617187500000e-01 dbob=-4.770452846511e-04 -6.455860793658e-04i divx=1.001107383890e-03 +1.125755730106e-03i kapx=-2.620310496196e-04 -2.400848253703e-04i jac=1.215049846355e+01
TRACE fcgl integrands=1.378803303650e-05 1.279826512429e-06
TRACE fcgl theta=2.656250000000e-01 dbob=-4.617944839721e-04 -6.647561244597e-04i divx=9.696229183197e-04 +1.162363655450e-03i kapx=-2.539142171738e-04 -2.488037654953e-04i jac=1.215049846355e+01
TRACE fcgl integrands=1.391996262206e-05 1.313654605811e-06
TRACE fcgl theta=2.695312500000e-01 dbob=-4.458458079066e-04 -6.832214199043e-04i divx=9.368956522013e-04 +1.197483907519e-03i kapx=-2.455249221474e-04 -2.571312438073e-04i jac=1.215049846355e+01
TRACE fcgl integrands=1.404440377853e-05 1.346769119807e-06
TRACE fcgl theta=2.734375000000e-01 dbob=-4.292189644643e-04 -7.009509449262e-04i divx=9.029665726670e-04 +1.231067712935e-03i kapx=-2.368738041014e-04 -2.650583840044e-04i jac=1.215049846355e+01
TRACE fcgl integrands=1.416065472545e-05 1.379075411556e-06
TRACE fcgl theta=2.773437500000e-01 dbob=-4.119339502185e-04 -7.179057301546e-04i divx=8.678747320666e-04 +1.263050097282e-03i kapx=-2.279703909241e-04 -2.725721835635e-04i jac=1.215049846355e+01
TRACE fcgl integrands=1.426773557157e-05 1.410457557906e-06
TRACE fcgl theta=2.812500000000e-01 dbob=-3.940155619523e-04 -7.340409936842e-04i divx=8.316671284211e-04 +1.293353412522e-03i kapx=-2.188257832344e-04 -2.796562094187e-04i jac=1.215049846355e+01
TRACE fcgl integrands=1.436452135962e-05 1.440787825798e-06
TRACE fcgl theta=2.851562500000e-01 dbob=-3.754965672222e-04 -7.493102390578e-04i divx=7.944061535072e-04 +1.321895246017e-03i kapx=-2.094547931425e-04 -2.862925034796e-04i jac=1.215049846355e+01
TRACE fcgl integrands=1.444990847723e-05 1.469938715209e-06
TRACE fcgl theta=2.890625000000e-01 dbob=-3.564187371716e-04 -7.636702652303e-04i divx=7.561727203090e-04 +1.348598662717e-03i kapx=-1.998769915687e-04 -2.924641987432e-04i jac=1.215049846355e+01
TRACE fcgl integrands=1.452297767375e-05 1.497794832625e-06
TRACE fcgl theta=2.929687500000e-01 dbob=-3.368315487222e-04 -7.770858070757e-04i divx=7.170644075271e-04 +1.373402121586e-03i kapx=-1.901164294024e-04 -2.981581572553e-04i jac=1.215049846355e+01
TRACE fcgl integrands=1.458311787875e-05 1.524261928007e-06
TRACE fcgl theta=2.968750000000e-01 dbob=-3.167889998425e-04 -7.895326329922e-04i divx=6.771893239695e-04 +1.396266506575e-03i kapx=-1.802001620635e-04 -3.033669367914e-04i jac=1.215049846355e+01
TRACE fcgl integrands=1.463008432901e-05 1.549271145708e-06
TRACE fcgl theta=3.007812500000e-01 dbob=-2.963454806243e-04 -8.009983394330e-04i divx=6.366575328723e-04 +1.417177484565e-03i kapx=-1.701560261240e-04 -3.080895725661e-04i jac=1.215049846355e+01
TRACE fcgl integrands=1.466397996122e-05 1.572777719431e-06
TRACE fcgl theta=3.046875000000e-01 dbob=-2.755518746137e-04 -8.114806868111e-04i divx=5.955724873036e-04 +1.436142633843e-03i kapx=-1.600103063450e-04 -3.123309735157e-04i jac=1.215049846355e+01
TRACE fcgl integrands=1.468516687927e-05 1.594754686869e-06
TRACE fcgl theta=3.085937500000e-01 dbob=-2.544529734383e-04 -8.209839550988e-04i divx=5.540248611610e-04 +1.453184145091e-03i kapx=-1.497859438614e-04 -3.161000949963e-04i jac=1.215049846355e+01
TRACE fcgl integrands=1.469413062978e-05 1.615183374563e-06
TRACE fcgl theta=3.125000000000e-01 dbob=-2.330869047172e-04 -8.295142939380e-04i divx=5.120904481384e-04 +1.468329023301e-03i kapx=-1.395017717106e-04 -3.194073646815e-04i jac=1.215049846355e+01
TRACE fcgl integrands=1.469133019148e-05 1.634043117789e-06
TRACE fcgl theta=3.164062500000e-01 dbob=-2.114867070771e-04 -8.370752740329e-04i divx=4.698326474819e-04 +1.481599321408e-03i kapx=-1.291729702024e-04 -3.222620236876e-04i jac=1.215049846355e+01
TRACE fcgl integrands=1.467706865384e-05 1.651302764855e-06
TRACE fcgl theta=3.203125000000e-01 dbob=-1.896835921862e-04 -8.436647589979e-04i divx=4.273087787351e-04 +1.493004866539e-03i kapx=-1.188125932744e-04 -3.246700537708e-04i jac=1.215049846355e+01
TRACE fcgl integrands=1.465141322904e-05 1.666915964200e-06
TRACE fcgl theta=3.242187500000e-01 dbob=-1.677109719886e-04 -8.492738399368e-04i divx=3.845784138358e-04 +1.502540229090e-03i kapx=-1.084337209236e-04 -3.266331945766e-04i jac=1.215049846355e+01
TRACE fcgl integrands=1.461418028970e-05 1.680821202025e-06
TRACE fcgl theta=3.281250000000e-01 dbob=-1.456081217286e-04 -8.538880146250e-04i divx=3.417113645666e-04 +1.510186533755e-03i kapx=-9.805162141896e-05 -3.281492595650e-04i jac=1.215049846355e+01
TRACE fcgl integrands=1.456498490795e-05 1.692946321848e-06
TRACE fcgl theta=3.320312500000e-01 dbob=-1.234224480800e-04 -8.574902011624e-04i divx=2.987930582143e-04 +1.515917432729e-03i kapx=-8.768530506714e-05 -3.292136157832e-04i jac=1.215049846355e+01
TRACE fcgl integrands=1.450333893528e-05 1.703216134306e-06
TRACE fcgl theta=3.359375000000e-01 dbob=-1.012097064219e-04 -8.600647093025e-04i divx=2.559257414823e-04 +1.519707494988e-03i kapx=-7.735801753019e-05 -3.298213928428e-04i jac=1.215049846355e+01
TRACE fcgl integrands=1.442877072469e-05 1.711560997397e-06
TRACE fcgl theta=3.398437500000e-01 dbob=-7.903205865438e-05 -8.616010717013e-04i divx=2.132250760439e-04 +1.521540689266e-03i kapx=-6.709650869477e-05 -3.299698087822e-04i jac=1.215049846355e+01
TRACE fcgl integrands=1.434093566234e-05 1.717924088004e-06
TRACE fcgl theta=3.437500000000e-01 dbob=-5.695443506320e-05 -8.620967146919e-04i divx=1.708129237322e-04 +1.521416693952e-03i kapx=-5.692924433448e-05 -3.296599896302e-04i jac=1.215049846355e+01
TRACE fcgl integrands=1.423969047599e-05 1.722265520419e-06
TRACE fcgl theta=3.476562500000e-01 dbob=-3.504010829400e-05 -8.615577961294e-04i divx=1.288081343396e-04 +1.519353425939e-03i kapx=-4.688401302282e-05 -3.288978149051e-04i jac=1.215049846355e+01
TRACE fcgl integrands=1.412511465839e-05 1.724562370748e-06
TRACE fcgl theta=3.515625000000e-01 dbob=-1.334658818084e-05 -8.599980571971e-04i divx=8.731767594950e-05 +1.515385253477e-03i kapx=-3.698554388433e-05 -3.276935981399e-04i jac=1.215049846355e+01
TRACE fcgl integrands=1.399747655536e-05 1.724804795561e-06
TRACE fcgl theta=3.554687500000e-01 dbob=8.077146963237e-06 -8.574360829244e-04i divx=4.643035131268e-05 +1.509557549530e-03i kapx=-2.725374913796e-05 -3.260607333030e-04i jac=1.215049846355e+01
TRACE fcgl integrands=1.385715609785e-05 1.722989493141e-06
TRACE fcgl theta=3.593750000000e-01 dbob=2.919142529064e-05 -8.538917948089e-04i divx=6.214656111689e-06 +1.501919229591e-03i kapx=-1.770304070116e-05 -3.240137173910e-04i jac=1.215049846355e+01
TRACE fcgl integrands=1.370454718159e-05 1.719112472384e-06
TRACE fcgl theta=3.632812500000e-01 dbob=4.996453033778e-05 -8.493831952670e-04i divx=-3.327875523440e-05 +1.492515439183e-03i kapx=-8.342887551688e-06 -3.215661219582e-04i jac=1.215049846355e+01
TRACE fcgl integrands=1.353996757169e-05 1.713163284504e-06
TRACE fcgl theta=3.671875000000e-01 dbob=7.036964240017e-05 -8.439242987849e-04i divx=-7.201073001743e-05 +1.481382478495e-03i kapx=8.205438086254e-07 -3.187290898549e-04i jac=1.215049846355e+01
TRACE fcgl integrands=1.336360175648e-05 1.705122490088e-06
TRACE fcgl theta=3.710937500000e-01 dbob=9.038092173467e-05 -8.375248459770e-04i divx=-1.099451280195e-04 +1.468546404518e-03i kapx=9.782103142432e-06 -3.155107792704e-04i jac=1.215049846355e+01
TRACE fcgl integrands=1.317549308894e-05 1.694963280926e-06
TRACE fcgl theta=3.750000000000e-01 dbob=1.099697825947e-04 -8.301918993568e-04i divx=-1.470404291807e-04 +1.454025717478e-03i kapx=1.853532329302e-05 -3.119169090607e-04i jac=1.215049846355e+01
TRACE fcgl integrands=1.297558823716e-05 1.682657076960e-06
TRACE fcgl theta=3.789062500000e-01 dbob=1.291023272574e-04 -8.219328998176e-04i divx=-1.832436084472e-04 +1.437837402346e-03i kapx=2.707064059492e-05 -3.079522512644e-04i jac=1.215049846355e+01
TRACE fcgl integrands=1.276382291456e-05 1.668181861633e-06
TRACE fcgl theta=3.828125000000e-01 dbob=1.477385765754e-04 -8.127593610977e-04i divx=-2.184878029507e-04 +1.420004666429e-03i kapx=3.537461318765e-05 -3.036226526657e-04i jac=1.215049846355e+01
TRACE fcgl integrands=1.254022675107e-05 1.651531280081e-06
TRACE fcgl theta=3.867187500000e-01 dbob=1.658336414751e-04 -8.026902028827e-04i divx=-2.526942631427e-04 +1.400564240142e-03i kapx=4.343031083384e-05 -2.989370186296e-04i jac=1.215049846355e+01
TRACE fcgl integrands=1.230501988460e-05 1.632722295434e-06
TRACE fcgl theta=3.906250000000e-01 dbob=1.833404621814e-04 -7.917538169771e-04i divx=-2.857779385994e-04 +1.379571214704e-03i kapx=5.121873820899e-05 -2.939086988636e-04i jac=1.215049846355e+01
TRACE fcgl integrands=1.205867572888e-05 1.611799535481e-06
TRACE fcgl theta=3.945312500000e-01 dbob=2.002133370316e-04 -7.799882974738e-04i divx=-3.176551061584e-04 +1.357100045161e-03i kapx=5.872088456340e-05 -2.885558738437e-04i jac=1.215049846355e+01
TRACE fcgl integrands=1.180193285565e-05 1.588835272759e-06
TRACE fcgl theta=3.984375000000e-01 dbob=2.164112761622e-04 -7.674397526715e-04i divx=-3.482509506038e-04 +1.333241370381e-03i kapx=6.591983722082e-05 -2.829008088549e-04i jac=1.215049846355e+01
TRACE fcgl integrands=1.153575174758e-05 1.563925050867e-06
TRACE fcgl theta=4.023437500000e-01 dbob=2.319002924457e-04 -7.541591221187e-04i divx=-3.775050811628e-04 +1.308095416664e-03i kapx=7.280239435855e-05 -2.769681472725e-04i jac=1.215049846355e+01
TRACE fcgl integrands=1.126122599223e-05 1.537180019939e-06
TRACE fcgl theta=4.062500000000e-01 dbob=2.466540566996e-04 -7.401983115339e-04i divx=-4.053735809530e-04 +1.281763659112e-03i kapx=7.935976212671e-05 -2.707826737891e-04i jac=1.215049846355e+01
TRACE fcgl integrands=1.097946876716e-05 1.508717807208e-06
TRACE fcgl theta=4.101562500000e-01 dbob=2.606528070181e-04 -7.256066290759e-04i divx=-4.318271669759e-04 +1.254340873717e-03i kapx=8.558717997888e-05 -2.643671223203e-04i jac=1.215049846355e+01
TRACE fcgl integrands=1.069150141688e-05 1.478654037890e-06
TRACE fcgl theta=4.140625000000e-01 dbob=2.738808853623e-04 -7.104284156818e-04i divx=-4.568461150175e-04 +1.225909603760e-03i kapx=9.148261482762e-05 -2.577405940391e-04i jac=1.215049846355e+01
TRACE fcgl integrands=1.039817015691e-05 1.447096378078e-06
TRACE fcgl theta=4.179687500000e-01 dbob=2.863236471654e-04 -6.947024374184e-04i divx=-4.804134843605e-04 +1.196538420143e-03i kapx=9.704491859755e-05 -2.509179913624e-04i jac=1.215049846355e+01
TRACE fcgl integrands=1.010010978717e-05 1.414142274218e-06
TRACE fcgl theta=4.218750000000e-01 dbob=2.979646523979e-04 -6.784631384677e-04i divx=-5.025086255277e-04 +1.166284352235e-03i kapx=1.022719865649e-04 -2.439106068837e-04i jac=1.215049846355e+01
TRACE fcgl integrands=9.797761656746e-06 1.379880605556e-06
TRACE fcgl theta=4.257812500000e-01 dbob=3.087839582153e-04 -6.617433662302e-04i divx=-5.231028538316e-04 +1.135198773764e-03i kapx=1.071594478082e-04 -2.367277037667e-04i jac=1.215049846355e+01
TRACE fcgl integrands=9.491439951723e-06 1.344396498645e-06
TRACE fcgl theta=4.296875000000e-01 dbob=3.187580213354e-04 -6.445778046786e-04i divx=-5.421585552598e-04 +1.103335137920e-03i kapx=1.117002669622e-04 -2.293786666208e-04i jac=1.215049846355e+01
TRACE fcgl integrands=9.181428938159e-06 1.307777820621e-06
TRACE fcgl theta=4.335937500000e-01 dbob=3.278612702149e-04 -6.270061862439e-04i divx=-5.596320313744e-04 +1.070756501193e-03i kapx=1.158853805798e-04 -2.218751574745e-04i jac=1.215049846355e+01
TRACE fcgl integrands=8.868086839964e-06 1.270121544792e-06
TRACE fcgl theta=4.375000000000e-01 dbob=3.360689462473e-04 -6.090754362637e-04i divx=-5.754793500993e-04 +1.037540871507e-03i kapx=1.197052019260e-04 -2.142327176217e-04i jac=1.215049846355e+01
TRACE fcgl integrands=8.551931155792e-06 1.231538329883e-06
TRACE fcgl theta=4.414062500000e-01 dbob=3.433604649591e-04 -5.908402099376e-04i divx=-5.896636327662e-04 +1.003783029606e-03i kapx=1.231515839036e-04 -2.064714098343e-04i jac=1.215049846355e+01
TRACE fcgl integrands=8.233685469499e-06 1.192154211247e-06
TRACE fcgl theta=4.453125000000e-01 dbob=3.497224059716e-04 -5.723617231712e-04i divx=-6.021618008382e-04 +9.695924318646e-04i kapx=1.262196974333e-04 -1.986153543467e-04i jac=1.215049846355e+01
TRACE fcgl integrands=7.914277710086e-06 1.152109103537e-06
TRACE fcgl theta=4.492187500000e-01 dbob=3.551503409158e-04 -5.537052340632e-04i divx=-6.129689368898e-04 +9.350878460454e-04i kapx=1.289092979870e-04 -1.906913059911e-04i jac=1.215049846355e+01
TRACE fcgl integrands=7.594791768962e-06 1.111552638463e-06
TRACE fcgl theta=4.531250000000e-01 dbob=3.596490219058e-04 -5.349368778228e-04i divx=-6.220990461027e-04 +9.003902177656e-04i kapx=1.312250120984e-04 -1.827266699714e-04i jac=1.215049846355e+01
TRACE fcgl integrands=7.276385344345e-06 1.070638491540e-06
TRACE fcgl theta=4.570312500000e-01 dbob=3.632308924825e-04 -5.161207031121e-04i divx=-6.295819639923e-04 +8.656156901296e-04i kapx=1.331755357549e-04 -1.747474935088e-04i jac=1.215049846355e+01
TRACE fcgl integrands=6.960194168091e-06 1.029518632618e-06
TRACE fcgl theta=4.609375000000e-01 dbob=3.659133276897e-04 -4.973166668118e-04i divx=-6.354571829129e-04 +8.308705941375e-04i kapx=1.347719276116e-04 -1.667769636629e-04i jac=1.215049846355e+01
TRACE fcgl integrands=6.647244733660e-06 9.883388120247e-07
TRACE fcgl theta=4.648437500000e-01 dbob=3.677153394129e-04 -4.785800467147e-04i divx=-6.397661867681e-04 +7.962496296063e-04i kapx=1.360254236776e-04 -1.588347914458e-04i jac=1.215049846355e+01
TRACE fcgl integrands=6.338394073819e-06 9.472361248533e-07
TRACE fcgl theta=4.687500000000e-01 dbob=3.686546091046e-04 -4.599623135322e-04i divx=-6.425452710382e-04 +7.618375353296e-04i kapx=1.369453309668e-04 -1.509376108987e-04i jac=1.215049846355e+01
TRACE fcgl integrands=6.034307249756e-06 9.063388294640e-07
TRACE fcgl theta=4.726562500000e-01 dbob=3.687456006184e-04 -4.415130828158e-04i divx=-6.438206814239e-04 +7.277135590950e-04i kapx=1.375375404027e-04 -1.431002381396e-04i jac=1.215049846355e+01
TRACE fcgl integrands=5.735473263326e-06 8.657679297020e-07
TRACE fcgl theta=4.765625000000e-01 dbob=3.679991937133e-04 -4.232824613380e-04i divx=-6.436072708066e-04 +6.939572550709e-04i kapx=1.378040385467e-04 -1.353373968665e-04i jac=1.215049846355e+01
TRACE fcgl integrands=5.442250733287e-06 8.256395515540e-07
TRACE fcgl theta=4.804687500000e-01 dbob=3.664238516675e-04 -4.053229956733e-04i divx=-6.419109246077e-04 +6.606537719952e-04i kapx=1.377435364701e-04 -1.276653881610e-04i jac=1.215049846355e+01
TRACE fcgl integrands=5.154928204023e-06 7.860669816357e-07
TRACE fcgl theta=4.843750000000e-01 dbob=3.640279129676e-04 -3.876905517814e-04i divx=-6.387339972235e-04 +6.278969485962e-04i kapx=1.373530421280e-04 -1.201031984074e-04i jac=1.215049846355e+01
TRACE fcgl integrands=4.873781803514e-06 7.471614208345e-07
TRACE fcgl theta=4.882812500000e-01 dbob=3.608222939589e-04 -3.704437683242e-04i divx=-6.340822095193e-04 +5.957891585265e-04i kapx=1.366299577802e-04 -1.126726951011e-04i jac=1.215049846355e+01
TRACE fcgl integrands=4.599115366494e-06 7.090309758597e-07
TRACE fcgl theta=4.921875000000e-01 dbob=3.568227895228e-04 -3.536421445285e-04i divx=-6.279710923342e-04 +5.644377718657e-04i kapx=1.355741514057e-04 -1.053978136686e-04i jac=1.215049846355e+01
TRACE fcgl integrands=4.331274160256e-06 6.717780207161e-07
TRACE fcgl theta=4.960937500000e-01 dbob=3.520512885925e-04 -3.373432277832e-04i divx=-6.204302195042e-04 +5.339490679921e-04i kapx=1.341894654559e-04 -9.830292010445e-05i jac=1.215049846355e+01
TRACE fcgl integrands=4.070631225816e-06 6.354956299051e-07
TRACE fcgl theta=5.000000000000e-01 dbob=3.465355432805e-04 -3.215996424328e-04i divx=-6.115041093279e-04 +5.044211773826e-04i kapx=1.324842830237e-04 -9.141076747488e-05i jac=1.215049846355e+01
TRACE fcgl integrands=3.817552961259e-06 6.002641508550e-07
TRACE fcgl theta=5.039062500000e-01 dbob=3.403075538937e-04 -3.064567702098e-04i divx=-6.012496094238e-04 +4.759379408980e-04i kapx=1.304710277651e-04 -8.474058534413e-05i jac=1.215049846355e+01
TRACE fcgl integrands=3.572356002516e-06 5.661490393173e-07
TRACE fcgl theta=5.078125000000e-01 dbob=3.334010381801e-04 -2.919517324828e-04i divx=-5.897305589091e-04 +4.485653653459e-04i kapx=1.281647603645e-04 -7.830681643157e-05i jac=1.215049846355e+01
TRACE fcgl integrands=3.335269417531e-06 5.332008094040e-07
TRACE fcgl theta=5.117187500000e-01 dbob=3.258487273002e-04 -2.781139767702e-04i divx=-5.770112750210e-04 +4.223516769982e-04i kapx=1.255812738604e-04 -7.211885011401e-05i jac=1.215049846355e+01
TRACE fcgl integrands=3.106414362605e-06 5.014574209146e-07
TRACE fcgl theta=5.156250000000e-01 dbob=3.176802949681e-04 -2.649673291652e-04i divx=-5.631507320140e-04 +3.973310119902e-04i kapx=1.227352185230e-04 -6.618184141250e-05i jac=1.215049846355e+01
TRACE fcgl integrands=2.885808269102e-06 4.709487820616e-07
TRACE fcgl theta=5.195312500000e-01 dbob=3.089215597337e-04 -2.525329618898e-04i divx=-5.481991001806e-04 +3.735297951937e-04i kapx=1.196387702234e-04 -6.049841665196e-05i jac=1.215049846355e+01
TRACE fcgl integrands=2.673393748752e-06 4.417024593459e-07
TRACE fcgl theta=5.234375000000e-01 dbob=2.995952473256e-04 -2.408324563637e-04i divx=-5.321976466156e-04 +3.509741168735e-04i kapx=1.163011996450e-04 -5.507083025490e-05i jac=1.215049846355e+01
TRACE fcgl integrands=2.469085574175e-06 4.137493183252e-07
TRACE fcgl theta=5.273437500000e-01 dbob=2.897231567256e-04 -2.298900942007e-04i divx=-5.151820494893e-04 +3.296961241043e-04i kapx=1.127294463819e-04 -4.990301495180e-05i jac=1.215049846355e+01
TRACE fcgl integrands=2.272824116687e-06 3.871277739292e-07
TRACE fcgl theta=5.312500000000e-01 dbob=2.793291629986e-04 -2.197336989745e-04i divx=-4.971882053900e-04 +3.097376855798e-04i kapx=1.089295211957e-04 -4.500199330263e-05i jac=1.215049846355e+01
TRACE fcgl integrands=2.084621808374e-06 3.618856279189e-07
TRACE fcgl theta=5.351562500000e-01 dbob=2.684422275242e-04 -2.103937327631e-04i divx=-4.782588837280e-04 +2.911503037342e-04i kapx=1.049083281019e-04 -4.037828548554e-05i jac=1.215049846355e+01
TRACE fcgl integrands=1.904590993994e-06 3.380790449791e-07
TRACE fcgl theta=5.390625000000e-01 dbob=2.570985487037e-04 -2.019008226436e-04i divx=-4.584493064041e-04 +2.739912476653e-04i kapx=1.006753788502e-04 -3.604521251085e-05i jac=1.215049846355e+01
TRACE fcgl integrands=1.732946437421e-06 3.157689248815e-07
TRACE fcgl theta=5.429687500000e-01 dbob=2.453421892558e-04 -1.942823265299e-04i divx=-4.378299864254e-04 +2.583168963693e-04i kapx=9.624389858479e-05 -3.201728491966e-05i jac=1.215049846355e+01
TRACE fcgl integrands=1.569982406628e-06 2.950155851153e-07
TRACE fcgl theta=5.468750000000e-01 dbob=2.332239097014e-04 -1.875588261091e-04i divx=-4.164858824941e-04 +2.441750399632e-04i kapx=9.163098639635e-05 -2.830810692706e-05i jac=1.215049846355e+01
TRACE fcgl integrands=1.416030879708e-06 2.758731034544e-07
TRACE fcgl theta=5.507812500000e-01 dbob=2.207984181023e-04 -1.817414787489e-04i divx=-3.945119256127e-04 +2.315981803033e-04i kapx=8.685675375523e-05 -2.492835077718e-05i jac=1.215049846355e+01
TRACE fcgl integrands=1.271412221237e-06 2.583847638139e-07
TRACE fcgl theta=5.546875000000e-01 dbob=2.081206842364e-04 -1.768309540960e-04i divx=-3.720059786360e-04 +2.205996191821e-04i kapx=8.194264719983e-05 -2.188433254306e-05i jac=1.215049846355e+01
TRACE fcgl integrands=1.136391408216e-06 2.425807684718e-07
TRACE fcgl theta=5.585937500000e-01 dbob=1.952422417556e-04 -1.728182761888e-04i divx=-3.490610256774e-04 +2.111733868088e-04i kapx=7.690939196091e-05 -1.917755530998e-05i jac=1.215049846355e+01
TRACE fcgl integrands=1.011151110168e-06 2.284787899423e-07
TRACE fcgl theta=5.625000000000e-01 dbob=1.822084358836e-04 -1.696873943136e-04i divx=-3.257586501954e-04 +2.032980409435e-04i kapx=7.177510715589e-05 -1.680532331496e-05i jac=1.215049846355e+01
TRACE fcgl integrands=8.957881580677e-07 2.160871847271e-07
TRACE fcgl theta=5.664062500000e-01 dbob=1.690573520881e-04 -1.674188480848e-04i divx=-3.021655693341e-04 +1.969433320803e-04i kapx=6.655410862297e-05 -1.476224199772e-05i jac=1.215049846355e+01
TRACE fcgl integrands=7.903334698396e-07 2.054099741543e-07
TRACE fcgl theta=5.703125000000e-01 dbob=1.558207369532e-04 -1.659935979846e-04i divx=-2.783342173710e-04 +1.920779619089e-04i kapx=6.125674020891e-05 -1.304218196211e-05i jac=1.215049846355e+01
TRACE fcgl integrands=6.947890741770e-07 1.964522065266e-07
TRACE fcgl theta=5.742187500000e-01 dbob=1.425267055931e-04 -1.653960430377e-04i divx=-2.543073142412e-04 +1.886763701402e-04i kapx=5.589030432401e-05 -1.164016355128e-05i jac=1.215049846355e+01
TRACE fcgl integrands=6.091712107745e-07 1.892241870030e-07
TRACE fcgl theta=5.781250000000e-01 dbob=1.292035565545e-04 -1.656154588133e-04i divx=-2.301252960287e-04 +1.867227505914e-04i kapx=5.046086973709e-05 -1.055364588908e-05i jac=1.215049846355e+01
TRACE fcgl integrands=5.335468408653e-07 1.837433404785e-07
TRACE fcgl theta=5.820312500000e-01 dbob=1.158837119789e-04 -1.666455078284e-04i divx=-2.058347070499e-04 +1.862112527400e-04i kapx=4.497549753551e-05 -9.782872455761e-06i jac=1.215049846355e+01
TRACE fcgl integrands=4.680527368885e-07 1.800330928033e-07
TRACE fcgl theta=5.859375000000e-01 dbob=1.026067510351e-04 -1.684819905384e-04i divx=-1.814953692858e-04 +1.871423682921e-04i kapx=3.944430912537e-05 -9.330188876862e-06i jac=1.215049846355e+01
TRACE fcgl integrands=4.128911616221e-07 1.781189566677e-07
TRACE fcgl theta=5.898437500000e-01 dbob=8.942072504727e-05 -1.711194808063e-04i divx=-1.571844360157e-04 +1.895165525362e-04i kapx=3.388185548423e-05 -9.198535864931e-06i jac=1.215049846355e+01
TRACE fcgl integrands=3.683026932556e-07 1.780227757698e-07
TRACE fcgl theta=5.937500000000e-01 dbob=7.638137839420e-05 -1.745477966168e-04i divx=-1.329962308946e-04 +1.933269019455e-04i kapx=2.830742625020e-05 -9.389552664371e-06i jac=1.215049846355e+01
TRACE fcgl integrands=3.345232008427e-07 1.797566031597e-07
TRACE fcgl theta=5.976562500000e-01 dbob=6.354943728050e-05 -1.787493102567e-04i divx=-1.090378643535e-04 +1.985529900700e-04i kapx=2.274421353649e-05 -9.901839906633e-06i jac=1.215049846355e+01
TRACE fcgl integrands=3.117365040174e-07 1.833178177129e-07
TRACE fcgl theta=6.015625000000e-01 dbob=5.098662761869e-05 -1.836978847612e-04i divx=-8.542171799733e-05 +2.051576716160e-04i kapx=1.721754518932e-05 -1.072989342740e-05i jac=1.215049846355e+01
TRACE fcgl integrands=3.000355399758e-07 1.886867732061e-07
TRACE fcgl theta=6.054687500000e-01 dbob=3.875141125173e-05 -1.893597902325e-04i divx=-6.225670211930e-05 +2.130878725037e-04i kapx=1.175264543378e-05 -1.186404113563e-05i jac=1.215049846355e+01
TRACE fcgl integrands=2.994024883038e-07 1.958276050474e-07
TRACE fcgl theta=6.093750000000e-01 dbob=2.689549871690e-05 -1.956964184749e-04i divx=-3.964050304307e-05 +2.222793005812e-04i kapx=6.372502163087e-06 -1.329144105313e-05i jac=1.215049846355e+01
TRACE fcgl integrands=3.097129066619e-07 2.046919700516e-07
TRACE fcgl theta=6.132812500000e-01 dbob=1.546198709037e-05 -2.026681198481e-04i divx=-1.765476045483e-05 +2.326639277758e-04i kapx=1.096386682228e-06 -1.499790396386e-05i jac=1.215049846355e+01
TRACE fcgl integrands=3.307620468909e-07 2.152246978656e-07
TRACE fcgl theta=6.171875000000e-01 dbob=4.485537640716e-06 -2.102381658210e-04i divx=3.635677988117e-06 +2.441783037357e-04i kapx=-4.060607814417e-06 -1.697006895736e-05i jac=1.215049846355e+01
TRACE fcgl integrands=3.623051559322e-07 2.273698103918e-07
TRACE fcgl theta=6.210937500000e-01 dbob=-6.005535291545e-06 -2.183757829117e-04i divx=2.417937588235e-05 +2.567704819051e-04i kapx=-9.086920295403e-06 -1.919734949673e-05i jac=1.215049846355e+01
TRACE fcgl integrands=4.040995926014e-07 2.410752652738e-07
TRACE fcgl theta=6.250000000000e-01 dbob=-1.598590093008e-05 -2.270574277384e-04i divx=4.393186202545e-05 +2.704036546595e-04i kapx=-1.397298054769e-05 -2.167311346052e-05i jac=1.215049846355e+01
TRACE fcgl integrands=4.559361849792e-07 2.562951323123e-07
TRACE fcgl theta=6.289062500000e-01 dbob=-2.542954778368e-05 -2.362659228037e-04i divx=6.284800215640e-05 +2.850554285216e-04i kapx=-1.870922718636e-05 -2.439475285892e-05i jac=1.215049846355e+01
TRACE fcgl integrands=5.176505335402e-07 2.729886229475e-07
TRACE fcgl theta=6.328125000000e-01 dbob=-3.430686636487e-05 -2.459876312696e-04i divx=8.087538281594e-05 +3.007128069104e-04i kapx=-2.328425822553e-05 -2.736258782040e-05i jac=1.215049846355e+01
TRACE fcgl integrands=5.891109629580e-07 2.911162684333e-07
TRACE fcgl theta=6.367187500000e-01 dbob=-4.258331738504e-05 -2.562083687816e-04i divx=9.795061509941e-05 +3.173640857038e-04i kapx=-2.768364885718e-05 -3.057785846113e-05i jac=1.215049846355e+01
TRACE fcgl integrands=6.701867806250e-07 3.106343419080e-07
TRACE fcgl theta=6.406250000000e-01 dbob=-5.022008557878e-05 -2.669090924432e-04i divx=1.139996558753e-04 +3.349897014177e-04i kapx=-3.188978514826e-05 -3.404030448720e-05i jac=1.215049846355e+01
TRACE fcgl integrands=7.607063885059e-07 3.314891233825e-07
TRACE fcgl theta=6.445312500000e-01 dbob=-5.717656910046e-05 -2.780624783044e-04i divx=1.289421268362e-04 +3.535543760220e-04i kapx=-3.588277886785e-05 -3.774594885877e-05i jac=1.215049846355e+01
TRACE fcgl integrands=8.604179188206e-07 3.536126751007e-07
TRACE fcgl theta=6.484375000000e-01 dbob=-6.341404060155e-05 -2.896312774470e-04i divx=1.426984894698e-04 +3.730025889141e-04i kapx=-3.964222443411e-05 -4.168565573353e-05i jac=1.215049846355e+01
TRACE fcgl integrands=9.689645265892e-07 3.769214060878e-07
TRACE fcgl theta=6.523437500000e-01 dbob=-6.889947855244e-05 -3.015688829847e-04i divx=1.551981131570e-04 +3.932585524707e-04i kapx=-4.314931730227e-05 -4.584483474300e-05i jac=1.215049846355e+01
TRACE fcgl integrands=1.085882413644e-06 4.013179611128e-07
TRACE fcgl theta=6.562500000000e-01 dbob=-7.360849992980e-05 -3.138219657197e-04i divx=1.663859822602e-04 +4.142306956685e-04i kapx=-4.638874116522e-05 -5.020436497442e-05i jac=1.215049846355e+01
TRACE fcgl integrands=1.210623203041e-06 4.266960695733e-07
TRACE fcgl theta=6.601562500000e-01 dbob=-7.752654995840e-05 -3.263344967586e-04i divx=1.762261134320e-04 +4.358194806136e-04i kapx=-4.934978173679e-05 -5.474249192749e-05i jac=1.215049846355e+01
TRACE fcgl integrands=1.342595224924e-06 4.529471769463e-07
TRACE fcgl theta=6.640625000000e-01 dbob=-8.064796442925e-05 -3.390521149442e-04i divx=1.847006172916e-04 +4.579265045869e-04i kapx=-5.202632643116e-05 -5.943719482136e-05i jac=1.215049846355e+01
TRACE fcgl integrands=1.481212600357e-06 4.799671781635e-07
TRACE fcgl theta=6.679687500000e-01 dbob=-8.297309411956e-05 -3.519257127043e-04i divx=1.918045128600e-04 +4.804625109407e-04i kapx=-5.441570937020e-05 -6.426839911818e-05i jac=1.215049846355e+01
TRACE fcgl integrands=1.625938365801e-06 5.076615211400e-07
TRACE fcgl theta=6.718750000000e-01 dbob=-8.450421535668e-05 -3.649133299160e-04i divx=1.975375745545e-04 +5.033522377087e-04i kapx=-5.651667959889e-05 -6.921945389635e-05i jac=1.215049846355e+01
TRACE fcgl integrands=1.776309125571e-06 5.359473723966e-07
TRACE fcgl theta=6.757812500000e-01 dbob=-8.524130051728e-05 -3.779799053706e-04i divx=2.018953417369e-04 +5.265348950610e-04i kapx=-5.832702060981e-05 -7.427749484520e-05i jac=1.215049846355e+01
TRACE fcgl integrands=1.931933658632e-06 5.647523291472e-07
TRACE fcgl theta=6.796875000000e-01 dbob=-8.517878954293e-05 -3.910950171753e-04i divx=2.048617130823e-04 +5.499602530155e-04i kapx=-5.984146176968e-05 -7.943261792008e-05i jac=1.215049846355e+01
TRACE fcgl integrands=2.092465294961e-06 5.940101138201e-07
TRACE fcgl theta=6.835937500000e-01 dbob=-8.430426523210e-05 -4.042292908815e-04i divx=2.064051925181e-04 +5.735815197352e-04i kapx=-6.105046364301e-05 -8.467611442688e-05i jac=1.215049846355e+01
TRACE fcgl integrands=2.257555708671e-06 6.236545389944e-07
TRACE fcgl theta=6.875000000000e-01 dbob=-8.259944980447e-05 -4.173505190521e-04i divx=2.064799336054e-04 +5.973470733765e-04i kapx=-6.194024190045e-05 -8.999827716219e-05i jac=1.215049846355e+01
TRACE fcgl integrands=2.426803803496e-06 6.536135447578e-07
TRACE fcgl theta=6.914062500000e-01 dbob=-8.004333392795e-05 -4.304206179428e-04i divx=2.050314819110e-04 +6.211934340388e-04i kapx=-6.249407399155e-05 -9.538640804802e-05i jac=1.215049846355e+01
TRACE fcgl integrands=2.599715736795e-06 6.838051348252e-07
TRACE fcgl theta=6.953125000000e-01 dbob=-7.661668234803e-05 -4.433943209814e-04i divx=2.020058691447e-04 +6.450415328938e-04i kapx=-6.269459339834e-05 -1.008236059562e-04i jac=1.215049846355e+01
TRACE fcgl integrands=2.775689943483e-06 7.141365518990e-07
TRACE fcgl theta=6.992187500000e-01 dbob=-7.230678462652e-05 -4.562200328975e-04i divx=1.973598025394e-04 +6.687974351354e-04i kapx=-6.252650895644e-05 -1.062887011190e-04i jac=1.215049846355e+01
TRACE fcgl integrands=2.954034659663e-06 7.445071565748e-07
TRACE fcgl theta=7.031250000000e-01 dbob=-6.711123837645e-05 -4.688426692612e-04i divx=1.910693673060e-04 +6.923574404342e-04i kapx=-6.197906446476e-05 -1.117573855865e-04i jac=1.215049846355e+01
TRACE fcgl integrands=3.134016515598e-06 7.748144381666e-07
TRACE fcgl theta=7.070312500000e-01 dbob=-6.103979145242e-05 -4.812077456537e-04i divx=1.831350150652e-04 +7.156162515371e-04i kapx=-6.104761180638e-05 -1.172042529417e-04i jac=1.215049846355e+01
TRACE fcgl integrands=3.314929690317e-06 8.049616701607e-07
TRACE fcgl theta=7.109375000000e-01 dbob=-5.411376911190e-05 -4.932656125131e-04i divx=1.735815618177e-04 +7.384760063845e-04i kapx=-5.973389635292e-05 -1.226051969357e-04i jac=1.215049846355e+01
TRACE fcgl integrands=3.496168453693e-06 8.348651813625e-07
TRACE fcgl theta=7.148437500000e-01 dbob=-4.636324193237e-05 -5.049746599625e-04i divx=1.624532190239e-04 +7.608536633910e-04i kapx=-5.804498854577e-05 -1.279395017142e-04i jac=1.215049846355e+01
TRACE fcgl integrands=3.677283631048e-06 8.644592042686e-07
TRACE fcgl theta=7.187500000000e-01 dbob=-3.782268339337e-05 -5.163025670725e-04i divx=1.498049871788e-04 +7.826846093664e-04i kapx=-5.599115189273e-05 -1.331910211470e-04i jac=1.215049846355e+01
TRACE fcgl integrands=3.858006417762e-06 8.936968035824e-07
TRACE fcgl theta=7.226562500000e-01 dbob=-2.852626335264e-05 -5.272251805896e-04i divx=1.356927029385e-04 +8.039213363701e-04i kapx=-5.358321979294e-05 -1.383480778902e-04i jac=1.215049846355e+01
TRACE fcgl integrands=4.038230464928e-06 9.225463529800e-07
TRACE fcgl theta=7.265625000000e-01 dbob=-1.850401656711e-05 -5.377232459693e-04i divx=1.201643860718e-04 +8.245273550075e-04i kapx=-5.083018475236e-05 -1.434020545191e-04i jac=1.215049846355e+01
TRACE fcgl integrands=4.217953433769e-06 9.509841760876e-07
TRACE fcgl theta=7.304687500000e-01 dbob=-7.779885817491e-06 -5.477778082376e-04i divx=1.032551786036e-04 +8.444678258645e-04i kapx=-4.773764639304e-05 -1.483450088135e-04i jac=1.215049846355e+01
TRACE fcgl integrands=4.397189701388e-06 9.789850041094e-07
TRACE fcgl theta=7.343750000000e-01 dbob=3.627871816963e-06 -5.573654896291e-04i divx=8.498719255289e-05 +8.636993407487e-04i kapx=-4.430753218493e-05 -1.531669255598e-04i jac=1.215049846355e+01
TRACE fcgl integrands=4.575873918921e-06 1.006512555372e-06
TRACE fcgl theta=7.382812500000e-01 dbob=1.570407424667e-05 -5.664549250064e-04i divx=6.537424105101e-05 +8.821616046318e-04i kapx=-4.053915764884e-05 -1.578533398127e-04i jac=1.215049846355e+01
TRACE fcgl integrands=4.753778564682e-06 1.033512630033e-06
TRACE fcgl theta=7.421875000000e-01 dbob=2.843256750600e-05 -5.750053674317e-04i divx=4.443007961996e-05 +8.997733555639e-04i kapx=-3.643132356298e-05 -1.623839940661e-04i jac=1.215049846355e+01
TRACE fcgl integrands=4.930466467463e-06 1.059910593798e-06
TRACE fcgl theta=7.460937500000e-01 dbob=4.179191652920e-05 -5.829679293231e-04i divx=2.217779685293e-05 +9.164338067197e-04i kapx=-3.198485669107e-05 -1.667329386983e-04i jac=1.215049846355e+01
TRACE fcgl integrands=5.105291809011e-06 1.085614107967e-06
TRACE fcgl theta=7.500000000000e-01 dbob=5.575209510504e-05 -5.902892400128e-04i divx=-1.342358002734e-06 +9.320294698695e-04i kapx=-2.720486855115e-05 -1.708701149283e-04i jac=1.215049846355e+01
TRACE fcgl integrands=5.277451965720e-06 1.110520689495e-06
TRACE fcgl theta=7.539062500000e-01 dbob=7.027317714319e-05 -5.969166587589e-04i divx=-2.606903138883e-05 +9.464447966854e-04i kapx=-2.210207287718e-05 -1.747640689633e-04i jac=1.215049846355e+01
TRACE fcgl integrands=5.446080307161e-06 1.134528468052e-06
TRACE fcgl theta=7.578125000000e-01 dbob=8.530648931669e-05 -6.028037560501e-04i divx=-5.192098399369e-05 +9.595740347962e-04i kapx=-1.669275266150e-05 -1.783851393730e-04i jac=1.215049846355e+01
TRACE fcgl integrands=5.610359719856e-06 1.157547658221e-06
TRACE fcgl theta=7.617187500000e-01 dbob=1.007980031122e-04 -6.079146836930e-04i divx=-7.880332811137e-05 +9.713313260689e-04i kapx=-1.099733750039e-05 -1.817083211879e-04i jac=1.215049846355e+01
TRACE fcgl integrands=5.769630839407e-06 1.179510012721e-06
TRACE fcgl theta=7.656250000000e-01 dbob=1.166931061925e-04 -6.122263267040e-04i divx=-1.066172206180e-04 +9.816564880469e-04i kapx=-5.037942787233e-06 -1.847150806714e-04i jac=1.215049846355e+01
TRACE fcgl integrands=5.923469410600e-06 1.200373950442e-06
TRACE fcgl theta=7.695312500000e-01 dbob=1.329414748511e-04 -6.157277011390e-04i divx=-1.352704201540e-04 +9.905150208095e-04i kapx=1.164472651418e-06 -1.873936598353e-04i jac=1.215049846355e+01
TRACE fcgl integrands=6.071714001828e-06 1.220124072204e-06
TRACE fcgl theta=7.734375000000e-01 dbob=1.495006916540e-04 -6.184167838517e-04i divx=-1.646857731776e-04 +9.978923889436e-04i kapx=7.592540761803e-06 -1.897378025460e-04i jac=1.215049846355e+01
TRACE fcgl integrands=6.214436981407e-06 1.238765142495e-06
TRACE fcgl theta=7.773437500000e-01 dbob=1.663375459796e-04 -6.202956416102e-04i divx=-1.948051481546e-04 +1.003784145077e-03i kapx=1.423380108746e-05 -1.917442517336e-04i jac=1.215049846355e+01
TRACE fcgl integrands=6.351865387822e-06 1.256311985173e-06
TRACE fcgl theta=7.812500000000e-01 dbob=1.834265508309e-04 -6.213651839881e-04i divx=-2.255874905125e-04 +1.008184579973e-03i kapx=2.108046984077e-05 -1.934096979927e-04i jac=1.215049846355e+01
TRACE fcgl integrands=6.484270630288e-06 1.272777763731e-06
TRACE fcgl theta=7.851562500000e-01 dbob=2.007459538623e-04 -6.216209698688e-04i divx=-2.570012308092e-04 +1.011076995683e-03i kapx=2.812763847343e-05 -1.947280129070e-04i jac=1.215049846355e+01
TRACE fcgl integrands=6.611853662805e-06 1.288163523811e-06
TRACE fcgl theta=7.890625000000e-01 dbob=2.182722162774e-04 -6.210512164750e-04i divx=-2.890128338321e-04 +1.012428277968e-03i kapx=3.537030877735e-05 -1.956885307464e-04i jac=1.215049846355e+01
TRACE fcgl integrands=6.734653357852e-06 1.302451554161e-06
TRACE fcgl theta=7.929687500000e-01 dbob=2.359743899292e-04 -6.196375615937e-04i divx=-3.215744051130e-04 +1.012189289320e-03i kapx=4.280000759193e-05 -1.962758638631e-04i jac=1.215049846355e+01
TRACE fcgl integrands=6.852499944587e-06 1.315604146269e-06
TRACE fcgl theta=7.968750000000e-01 dbob=2.538099095697e-04 -6.173583706050e-04i divx=-3.546136542358e-04 +1.010301012615e-03i kapx=5.040187233302e-05 -1.964713210052e-04i jac=1.215049846355e+01
TRACE fcgl integrands=6.965024036669e-06 1.327567946471e-06
TRACE fcgl theta=8.007812500000e-01 dbob=2.717229987915e-04 -6.141936638309e-04i divx=-3.880290235061e-04 +1.006704771391e-03i kapx=5.815301235729e-05 -1.962555537801e-04i jac=1.215049846355e+01
TRACE fcgl integrands=7.071717806459e-06 1.338282649723e-06
TRACE fcgl theta=8.046875000000e-01 dbob=2.896462379867e-04 -6.101302636499e-04i divx=-4.216915296786e-04 +1.001353673622e-03i kapx=6.602264584593e-05 -1.956117049861e-04i jac=1.215049846355e+01
TRACE fcgl integrands=7.172031751032e-06 1.347691652483e-06
TRACE fcgl theta=8.085937500000e-01 dbob=3.075050252962e-04 -6.051656615965e-04i divx=-4.554531494017e-04 +9.942220057246e-04i kapx=7.397406205277e-05 -1.945281720641e-04i jac=1.215049846355e+01
TRACE fcgl integrands=7.265481490409e-06 1.355751759540e-06
TRACE fcgl theta=8.125000000000e-01 dbob=3.252238914670e-04 -5.993094211532e-04i divx=-4.891598518623e-04 +9.853097792237e-04i kapx=8.196798019763e-05 -1.930001790353e-04i jac=1.215049846355e+01
TRACE fcgl integrands=7.351736382916e-06 1.362439272360e-06
TRACE fcgl theta=8.164062500000e-01 dbob=3.427331147301e-04 -5.925815880076e-04i divx=-5.226661070004e-04 +9.746409013955e-04i kapx=8.996649613517e-05 -1.910296566939e-04i jac=1.215049846355e+01
TRACE fcgl integrands=7.430666169001e-06 1.367750731657e-06
TRACE fcgl theta=8.203125000000e-01 dbob=3.599739676053e-04 -5.850084068426e-04i divx=-5.558472295084e-04 +9.622551813506e-04i kapx=9.793663095157e-05 -1.886233872540e-04i jac=1.215049846355e+01
TRACE fcgl integrands=7.502332424385e-06 1.371698018754e-06
TRACE fcgl theta=8.242187500000e-01 dbob=3.769012558320e-04 -5.766164206341e-04i divx=-5.886064067633e-04 +9.481961337597e-04i kapx=1.058525754656e-04 -1.857898565628e-04i jac=1.215049846355e+01
TRACE fcgl integrands=7.566925893221e-06 1.374299080562e-06
TRACE fcgl theta=8.281250000000e-01 dbob=3.934825044595e-04 -5.674265394566e-04i divx=-6.208746000257e-04 +9.324978241551e-04i kapx=1.136960477831e-04 -1.825356423492e-04i jac=1.215049846355e+01
TRACE fcgl integrands=7.624665370855e-06 1.375566825318e-06
TRACE fcgl theta=8.320312500000e-01 dbob=4.096940306512e-04 -5.574497601214e-04i divx=-6.526033677167e-04 +9.151744430343e-04i kapx=1.214546685328e-04 -1.788623414564e-04i jac=1.215049846355e+01
TRACE fcgl integrands=7.675685044935e-06 1.375499386590e-06
TRACE fcgl theta=8.359375000000e-01 dbob=4.255149835938e-04 -5.466858525336e-04i divx=-6.837525528669e-04 +8.962157450083e-04i kapx=1.291187846365e-04 -1.747649462374e-04i jac=1.215049846355e+01
TRACE fcgl integrands=7.719942010906e-06 1.374074764039e-06
TRACE fcgl theta=8.398437500000e-01 dbob=4.409210002497e-04 -5.351255836139e-04i divx=-7.142761951280e-04 +8.755900514902e-04i kapx=1.366775974392e-04 -1.702322339382e-04i jac=1.215049846355e+01
TRACE fcgl integrands=7.757172389958e-06 1.371251823511e-06
TRACE fcgl theta=8.437500000000e-01 dbob=4.558792590370e-04 -5.227561113568e-04i divx=-7.441105736637e-04 +8.532545424620e-04i kapx=1.441156573134e-04 -1.652492155526e-04i jac=1.215049846355e+01
TRACE fcgl integrands=7.786913401223e-06 1.366978001811e-06
TRACE fcgl theta=8.476562500000e-01 dbob=4.703463616825e-04 -5.095682963689e-04i divx=-7.731677852062e-04 +8.291705650094e-04i kapx=1.514107117618e-04 -1.598011343203e-04i jac=1.215049846355e+01
TRACE fcgl integrands=7.808592259152e-06 1.361202216988e-06
TRACE fcgl theta=8.515625000000e-01 dbob=4.842697160518e-04 -4.955640883416e-04i divx=-8.013368125896e-04 +8.033202017963e-04i kapx=1.585335482689e-04 -1.538780567273e-04i jac=1.215049846355e+01
TRACE fcgl integrands=7.821664882434e-06 1.353889918000e-06
TRACE fcgl theta=8.554687500000e-01 dbob=4.975921223320e-04 -4.807620233058e-04i divx=-8.284920034606e-04 +7.757197944390e-04i kapx=1.654499405643e-04 -1.474788855666e-04i jac=1.215049846355e+01
TRACE fcgl integrands=7.825772756110e-06 1.345036357712e-06
TRACE fcgl theta=8.593750000000e-01 dbob=5.102583395234e-04 -4.651992685889e-04i divx=-8.545067890976e-04 +7.464266948361e-04i kapx=1.721242247871e-04 -1.406137131236e-04i jac=1.215049846355e+01
TRACE fcgl integrands=7.820878924722e-06 1.334674312713e-06
TRACE fcgl theta=8.632812500000e-01 dbob=5.222217851471e-04 -4.489294924798e-04i divx=-8.792688975940e-04 +7.155371186780e-04i kapx=1.785235562235e-04 -1.333038130991e-04i jac=1.215049846355e+01
TRACE fcgl integrands=7.807346301618e-06 1.322873625183e-06
TRACE fcgl theta=8.671875000000e-01 dbob=5.334493840196e-04 -4.320169095241e-04i divx=-9.026927070722e-04 +6.831752186377e-04i kapx=1.846216615263e-04 -1.255791545568e-04i jac=1.215049846355e+01
TRACE fcgl integrands=7.785933115359e-06 1.309731862321e-06
TRACE fcgl theta=8.710937500000e-01 dbob=5.439229936660e-04 -4.145278830506e-04i divx=-9.247249545631e-04 +6.494758111534e-04i kapx=1.904009804485e-04 -1.174739640514e-04i jac=1.215049846355e+01
TRACE fcgl integrands=7.757698808298e-06 1.295357621990e-06
TRACE fcgl theta=8.750000000000e-01 dbob=5.536367102567e-04 -3.965221757198e-04i divx=-9.453416676841e-04 +6.145649665815e-04i kapx=1.958524787137e-04 -1.090213954309e-04i jac=1.215049846355e+01
TRACE fcgl integrands=7.723834736914e-06 1.279850003895e-06
TRACE fcgl theta=8.789062500000e-01 dbob=5.625904854837e-04 -3.780461212787e-04i divx=-9.645365259516e-04 +5.785434102901e-04i kapx=2.009730202340e-04 -1.002486445057e-04i jac=1.215049846355e+01
TRACE fcgl integrands=7.685452652929e-06 1.263278997760e-06
TRACE fcgl theta=8.828125000000e-01 dbob=5.707815680943e-04 -3.591295718371e-04i divx=-9.823032882366e-04 +5.414771375624e-04i kapx=2.057608600711e-04 -9.117378286267e-05i jac=1.215049846355e+01
TRACE fcgl integrands=7.643375799335e-06 1.245671667032e-06
TRACE fcgl theta=8.867187500000e-01 dbob=5.781960258709e-04 -3.397875370940e-04i divx=-9.986167889726e-04 +5.033979025307e-04i kapx=2.102103815509e-04 -8.180518271837e-05i jac=1.215049846355e+01
TRACE fcgl integrands=7.597979707861e-06 1.227007939213e-06
TRACE fcgl theta=8.906250000000e-01 dbob=5.848027812300e-04 -3.200261997194e-04i divx=-1.013417770290e-03 +4.643137069275e-04i kapx=2.143074945300e-04 -7.214375360404e-05i jac=1.215049846355e+01
TRACE fcgl integrands=7.549121679251e-06 1.207227747656e-06
TRACE fcgl theta=8.945312500000e-01 dbob=5.905521207499e-04 -2.998517790860e-04i divx=-1.026606206162e-03 +4.242267237150e-04i kapx=2.180270427062e-04 -6.218747231450e-05i jac=1.215049846355e+01
TRACE fcgl integrands=7.496180864293e-06 1.186248647955e-06
TRACE fcgl theta=8.984375000000e-01 dbob=5.953795981688e-04 -2.792798497240e-04i divx=-1.038045863441e-03 +3.831539521167e-04i kapx=2.213331326362e-04 -5.193705119638e-05i jac=1.215049846355e+01
TRACE fcgl integrands=7.438208102169e-06 1.163990453188e-06
TRACE fcgl theta=9.023437500000e-01 dbob=5.992148796275e-04 -2.583424533050e-04i divx=-1.047580056898e-03 +3.411449130990e-04i kapx=2.241825886353e-04 -4.140122989698e-05i jac=1.215049846355e+01
TRACE fcgl integrands=7.374160769595e-06 1.140401519704e-06
TRACE fcgl theta=9.062500000000e-01 dbob=6.019937188739e-04 -2.370907818084e-04i divx=-1.055055570166e-03 +2.982911849687e-04i kapx=2.265309256460e-04 -3.060020158013e-05i jac=1.215049846355e+01
TRACE fcgl integrands=7.303177921017e-06 1.115480574703e-06
TRACE fcgl theta=9.101562500000e-01 dbob=6.036702575165e-04 -2.155922829708e-04i divx=-1.060349303027e-03 +2.547245034819e-04i kapx=2.283395227552e-04 -1.956611025552e-05i jac=1.215049846355e+01
TRACE fcgl integrands=7.224839586615e-06 1.089288668751e-06
TRACE fcgl theta=9.140625000000e-01 dbob=6.042265068916e-04 -1.939225042777e-04i divx=-1.063391036084e-03 +2.106030871084e-04i kapx=2.295822645961e-04 -8.340291415336e-06i jac=1.215049846355e+01
TRACE fcgl integrands=7.139354382986e-06 1.061947891529e-06
TRACE fcgl theta=9.179687500000e-01 dbob=6.036763184094e-04 -1.721534881447e-04i divx=-1.064176163537e-03 +1.660890844906e-04i kapx=2.302499225640e-04 +3.032201827063e-06i jac=1.215049846355e+01
TRACE fcgl integrands=7.047632305934e-06 1.033626495562e-06
TRACE fcgl theta=9.218750000000e-01 dbob=6.020623289411e-04 -1.503416669657e-04i divx=-1.062764324814e-03 +1.213227459303e-04i kapx=2.303509979364e-04 +1.450946051771e-05i jac=1.215049846355e+01
TRACE fcgl integrands=6.951222521883e-06 1.004513346846e-06
TRACE fcgl theta=9.257812500000e-01 dbob=5.994460274036e-04 -1.285186585127e-04i divx=-1.059263142186e-03 +7.640034933187e-05i kapx=2.299085573912e-04 +2.605915459040e-05i jac=1.215049846355e+01
TRACE fcgl integrands=6.852124265355e-06 9.747873602319e-07
TRACE fcgl theta=9.296875000000e-01 dbob=5.958928411791e-04 -1.066879602513e-04i divx=-1.053799990668e-03 +3.136260123000e-05i kapx=2.289535747443e-04 +3.766267951067e-05i jac=1.215049846355e+01
TRACE fcgl integrands=6.752506066646e-06 9.445890605803e-07
TRACE fcgl theta=9.335937500000e-01 dbob=5.914555517174e-04 -8.482932225685e-05i divx=-1.046487977730e-03 -1.380186131623e-05i kapx=2.275162130061e-04 +4.931559178654e-05i jac=1.215049846355e+01
TRACE fcgl integrands=6.654388032304e-06 9.140011999671e-07
TRACE fcgl theta=9.375000000000e-01 dbob=5.861600415899e-04 -6.291078825140e-05i divx=-1.037394246884e-03 -5.913671855658e-05i kapx=2.256171026468e-04 +6.102375340399e-05i jac=1.215049846355e+01
TRACE fcgl integrands=6.559349239366e-06 8.830434383129e-07
┌ Warning: NCDatasets not available; NetCDF functionality disabled.
└ @ Main.JPEC.PENTRC ~/Desktop/JPEC/src/Pentrc/energy.jl:32
[ Info: Forcing hamada coordinate jacobian exponents: power_*
TRACE fcgl theta=9.414062500000e-01 dbob=5.799971298174e-04 -4.090643779545e-05i divx=-1.026518772682e-03 -1.046848972701e-04i kapx=2.232608214324e-04 +7.279566753276e-05i jac=1.215049846355e+01
TRACE fcgl integrands=6.468316146193e-06 8.516828865869e-07
TRACE fcgl theta=9.453125000000e-01 dbob=5.729230661830e-04 -1.881621245360e-05i divx=-1.013789851068e-03 -1.504488222993e-04i kapx=2.204333924424e-04 +8.463251737643e-05i jac=1.215049846355e+01
TRACE fcgl integrands=6.381470409056e-06 8.198585884978e-07
TRACE fcgl theta=9.492187500000e-01 dbob=5.648693562668e-04 +3.316707737326e-06i divx=-9.990788632292e-04 -1.963530240727e-04i kapx=2.171047534812e-04 +9.651815816770e-05i jac=1.215049846355e+01
TRACE fcgl integrands=6.298290373301e-06 7.875146876758e-07
TRACE fcgl theta=9.531250000000e-01 dbob=5.557603910045e-04 +2.539541863205e-05i divx=-9.822323840512e-04 -2.422185331350e-04i kapx=2.132359965233e-04 +1.084115572515e-04i jac=1.215049846355e+01
TRACE fcgl integrands=6.217715491320e-06 7.546348967575e-07
TRACE fcgl theta=9.570312500000e-01 dbob=5.455353661891e-04 +4.726898819387e-05i divx=-9.631153543176e-04 -2.877566608136e-04i kapx=2.087899940643e-04 +1.202438363099e-04i jac=1.215049846355e+01
TRACE fcgl integrands=6.138401943066e-06 7.212704421758e-07
TRACE fcgl theta=9.609375000000e-01 dbob=5.341696835719e-04 +6.874361898890e-05i divx=-9.416558916826e-04 -3.325859935752e-04i kapx=2.037431040554e-04 +1.319211872931e-04i jac=1.215049846355e+01
TRACE fcgl integrands=6.059023829528e-06 6.875549685858e-07
TRACE fcgl theta=9.648437500000e-01 dbob=5.216907704383e-04 +8.960411264368e-05i divx=-9.178811949036e-04 -3.762714849581e-04i kapx=1.980952122326e-04 +1.433336861572e-04i jac=1.215049846355e+01
TRACE fcgl integrands=5.978568434506e-06 6.537026031659e-07
TRACE fcgl theta=9.687500000000e-01 dbob=5.081841545856e-04 +1.096421197942e-04i divx=-8.919352728466e-04 -4.183794966379e-04i kapx=1.918755591305e-04 +1.543686884219e-04i jac=1.215049846355e+01
TRACE fcgl integrands=5.896575751842e-06 6.199888650119e-07
TRACE fcgl theta=9.726562500000e-01 dbob=4.937875373926e-04 +1.286859448306e-04i divx=-8.640727297309e-04 -4.585386745977e-04i kapx=1.851425961692e-04 +1.649263648835e-04i jac=1.215049846355e+01
TRACE fcgl integrands=5.813280829826e-06 5.867176063903e-07
TRACE fcgl theta=9.765625000000e-01 dbob=4.786731303255e-04 +1.466260159679e-04i divx=-8.346278587415e-04 -4.964946056758e-04i kapx=1.779773642080e-04 +1.749342948539e-04i jac=1.215049846355e+01
TRACE fcgl integrands=5.729631681137e-06 5.541799969164e-07
TRACE fcgl theta=9.804687500000e-01 dbob=4.630211138068e-04 +1.634307202891e-04i divx=-8.039637542816e-04 -5.321468136719e-04i kapx=1.704713202374e-04 +1.843580466914e-04i jac=1.215049846355e+01
TRACE fcgl integrands=5.647174713603e-06 5.226131980984e-07
TRACE fcgl theta=9.843750000000e-01 dbob=4.469891607214e-04 +1.791490564240e-04i divx=-7.724108255411e-04 -5.655597872092e-04i kapx=1.627108324098e-04 +1.932053653926e-04i jac=1.215049846355e+01
TRACE fcgl integrands=5.567822279679e-06 4.921665584010e-07
TRACE fcgl theta=9.882812500000e-01 dbob=4.306840566208e-04 +1.938991258285e-04i divx=-7.402068975660e-04 -5.969447749606e-04i kapx=1.547614204726e-04 +2.015228245661e-04i jac=1.215049846355e+01
TRACE fcgl integrands=5.493539959671e-06 4.628818774959e-07
TRACE fcgl theta=9.921875000000e-01 dbob=4.141412729002e-04 +2.078443274374e-04i divx=-7.074513315027e-04 -6.266149813831e-04i kapx=1.466550293013e-04 +2.093853269728e-04i jac=1.215049846355e+01
TRACE fcgl integrands=5.426009954435e-06 4.346917689038e-07
TRACE fcgl theta=9.960937500000e-01 dbob=3.973169136525e-04 +2.211616278578e-04i divx=-6.740831553667e-04 -6.549222760138e-04i kapx=1.383831208571e-04 +2.168803240780e-04i jac=1.215049846355e+01
TRACE fcgl integrands=5.366336223647e-06 4.074368243153e-07
TRACE fcgl theta=1.000000000000e+00 dbob=3.800940487131e-04 +2.340079036206e-04i divx=-6.398885441474e-04 -6.821873903634e-04i kapx=1.298972477172e-04 +2.240897433714e-04i jac=1.215049846355e+01
TRACE fcgl integrands=5.314852718023e-06 3.808987415096e-07
TRACE fcgl integral_1=6.957952572347e-06 integral_2=8.250260630692e-07
TRACE fcgl result=0.000000000000e+00 +3.289357362466e-01i
TRACE tpsi end method=fcgl psi=1.022459862108362e-01 tpsi=0.000000000000e+00 +3.289357362466e-01i
TRACE_PROBE method=fcgl psi=1.022459862108362e-01 ell=0 tpsi=0.000000000000e+00 +3.289357362466e-01i
