STOP  PENTRC STOP => normal termination.
 
 PENTRC START => v1.5.5-378-gf06e6abd
 _____________________________________________
 Reading dcon eigenfuctions from file:
   euler.bin
   mpert =     34,  mlow =    -12, mhigh =     21
   mstep =    599,  mfix =      8, msing =      0
   Reconstructing flux functions and metric tensors
   Computing action matrices
   1.6479888811782459     
 Reading table from file: 
   g147131.02300_DIIID_KEFIT.kin
 Reading table from file: 
   gpec_xclebsch_n1.out
   Displacements input in hamada coordinates:
    -> b, bp, r, rc raised to  0  0  0  0
 Calculating dB/B, div(xi_prp)
   |----------|   0% iterations complete
   |oo--------|  20% iterations complete
   |oooo------|  40% iterations complete
   |oooooo----|  60% iterations complete
   |oooooooo--|  80% iterations complete
   |oooooooooo| 100% iterations complete
 Reading table from file: 
   gpec_pmodb_n1.out
   -> Using div(xi_perp) = -(dB/B+kappa.xi_perp)
   Displacements input in hamada coordinates:
    -> b, bp, r, rc raised to  0  0  0  0
   -> Weighting by 1/B
   |----------|   0% iterations complete
   |oo--------|  20% iterations complete
   |oooo------|  40% iterations complete
   |oooooo----|  60% iterations complete
   |oooooooo--|  80% iterations complete
   |oooooooooo| 100% iterations complete
 ---------------------------------------------
 Calculating particle transport and torque
 ---------------------------------------------
 ---------------------------------------------
 fcgl - Fluid Chew-Goldberger-Low calculation
 fcgl - Calculating using dynamic integration
  psi = 0.0  -> T_phi =   0.00E+00  2.19E-03j
  psi = 0.1  -> T_phi =   0.00E+00  5.84E-02j
  psi = 0.2  -> T_phi =   0.00E+00  9.95E-02j
  psi = 0.3  -> T_phi =   0.00E+00  1.31E-01j
  psi = 0.4  -> T_phi =   0.00E+00  1.65E-01j
  psi = 0.5  -> T_phi =   0.00E+00  2.48E-01j
  psi = 0.6  -> T_phi =   0.00E+00  5.09E-01j
  psi = 0.7  -> T_phi =   0.00E+00  7.23E-01j
  psi = 0.8  -> T_phi =   0.00E+00  8.43E-01j
  psi = 0.9  -> T_phi =   0.00E+00  1.05E+00j
         Total torque =  0.000E+000
 Total Kinetic Energy =  7.092E-001
             alpha/s  = -0.000E+000
 fcgl - Finished
 ---------------------------------------------
 Writing output to netcdf
 Total cpu time =            0  seconds
