Equilibrium file: src/Pentrc/tmp/runtime_fcgl_case/g147131.02300_DIIID_KEFIT
--> Processing EFIT g-file: src/Pentrc/tmp/runtime_fcgl_case/g147131.02300_DIIID_KEFIT
--> Parsed from header: nw=129, nh=129
   Magnetic axis found at R = 1.75888, Z = 0.02442
   Inboard separatrix found at R = 1.0872289007986813.
   Outboard separatrix found at R = 2.292018620764088.
dbob/divx grid size = (599, 34)
TRACE tpsi start method=fcgl psi=1.000000000000000e-01 n=1 l=0 electron=F
TRACE eq q=1.145129555883e+00 epsr=NA bmin=1.560174511130e+00 bmax=1.867946313268e+00
TRACE eq theta_bmin=4.561902169411e-03 theta_bmax=5.042178378624e-01
TRACE eq wdian=7.186716966473e+03 wdiat=2.905897586827e+04 welec=8.050916700879e+04 wtran=3.166887679077e+05 wgyro=8.269579661463e+07 nuk=3.374485679156e+02
TRACE dbob_m_f= [1]=1.741648966144e-07 +1.790901791174e-07i [2]=2.478573625630e-07 +2.464964551038e-07i [3]=2.250618878509e-07 +2.386620908018e-07i [4]=3.381900289878e-07 +2.981597674368e-07i [5]=2.843671847173e-07 +3.450826674902e-07i [6]=5.207831903081e-07 +2.986606699252e-07i [7]=2.011807211670e-07 +7.452777432348e-07i [8]=9.806116795937e-07 -8.520764868032e-08i [9]=-6.450062692325e-07 +2.748590165224e-06i [10]=1.657672801279e-06 -3.053088314477e-06i [11]=1.452181210608e-06 +3.188981947661e-06i [12]=1.091330590562e-05 -1.354192901842e-06i [13]=7.035617742680e-05 -3.011861911667e-04i [14]=9.389137302612e-06 +2.864183261166e-04i [15]=2.998316670014e-04 +2.580881813972e-04i [16]=-5.700881868002e-06 -3.935523164531e-06i [17]=1.912940563579e-06 -7.188766056447e-07i [18]=-1.626193538330e-07 -2.105702182879e-06i [19]=-3.731524600668e-07 -5.926149341237e-07i [20]=-4.139495675464e-07 -6.506170533515e-07i [21]=-3.832431777218e-07 -4.727350515903e-07i [22]=-3.229833578471e-07 -4.180727217459e-07i [23]=-3.004462354710e-07 -3.922651385702e-07i [24]=-2.532899806699e-07 -3.451017345448e-07i [25]=-2.435143656192e-07 -3.471165685458e-07i [26]=-2.110743654173e-07 -3.088478676356e-07i [27]=-2.054307564376e-07 -3.089949711532e-07i [28]=-1.693722189125e-07 -2.687018441345e-07i [29]=-1.512758056907e-07 -2.575837769000e-07i [30]=-1.056976894974e-07 -2.220038468930e-07i [31]=-8.468255213400e-08 -2.169050353711e-07i [32]=-4.844390766689e-08 -1.956829274438e-07i [33]=-4.922893917045e-08 -1.978869597289e-07i [34]=-4.054827613781e-08 -1.828584095369e-07i
TRACE divx_m_f= [1]=-3.951321516673e-07 -3.638530828768e-07i [2]=-4.846876896566e-07 -4.475317543701e-07i [3]=-4.763901001678e-07 -4.624165337131e-07i [4]=-6.179137661036e-07 -5.381708240127e-07i [5]=-5.619250686980e-07 -6.409192925866e-07i [6]=-8.795577808158e-07 -5.666607366471e-07i [7]=-3.764036917619e-07 -1.343780279541e-06i [8]=-1.477399094256e-06 -1.665682219028e-07i [9]=1.514464990020e-06 -5.247175326478e-06i [10]=-1.568887031254e-06 +3.427134434091e-06i [11]=5.755655414799e-07 -1.277664255945e-05i [12]=-9.032322816478e-06 -1.216027297669e-05i [13]=-4.988574715917e-05 +4.132959798456e-04i [14]=1.147851895661e-05 -5.732866183085e-04i [15]=-5.931521526072e-04 -4.968773666328e-04i [16]=-1.496929994465e-05 -1.117116021263e-05i [17]=-3.755805168427e-06 +5.337291108152e-07i [18]=2.335412641014e-07 +3.937525468850e-06i [19]=7.304904384285e-07 +1.360604077642e-06i [20]=8.651232300483e-07 +1.348776590954e-06i [21]=7.702818099766e-07 +9.966626831949e-07i [22]=6.661095565686e-07 +8.845571302624e-07i [23]=5.941266012189e-07 +7.983627712198e-07i [24]=5.102596903167e-07 +7.113671228791e-07i [25]=4.693126983530e-07 +6.784364034801e-07i [26]=4.124604829346e-07 +6.129217900042e-07i [27]=3.869082785388e-07 +5.918291101928e-07i [28]=3.330720638855e-07 +5.324583723482e-07i [29]=2.999996475561e-07 +5.040576272558e-07i [30]=2.420618361492e-07 +4.535772836396e-07i [31]=2.099748914323e-07 +4.359159315711e-07i [32]=1.634544952761e-07 +4.034428993953e-07i [33]=1.554004774920e-07 +3.964260352392e-07i [34]=1.388304978396e-07 +3.723350994206e-07i
TRACE fcgl theta=0.000000000000e+00 dbob=3.886204580167e-04 +2.349787383738e-04i divx=-6.568836666221e-04 -6.837730369541e-04i kapx=1.341316043027e-04 +2.243971492902e-04i jac=1.213312763092e+01
TRACE fcgl integrands=5.454093952218e-06 3.935777106346e-07
TRACE fcgl theta=3.906250000000e-03 dbob=3.714081546633e-04 +2.476800322208e-04i divx=-6.227477487320e-04 -7.106328418811e-04i kapx=1.256697970344e-04 +2.314764048301e-04i jac=1.213312763092e+01
TRACE fcgl integrands=5.416311859721e-06 3.679364763194e-07
TRACE fcgl theta=7.812500000000e-03 dbob=3.534385576259e-04 +2.600800174288e-04i divx=-5.870755986133e-04 -7.368137086696e-04i kapx=1.168185204937e-04 +2.383668456204e-04i jac=1.213312763092e+01
TRACE fcgl integrands=5.384392059459e-06 3.425212493702e-07
TRACE fcgl theta=1.171875000000e-02 dbob=3.345315617031e-04 +2.721469033349e-04i divx=-5.494958300925e-04 -7.622572578003e-04i kapx=1.074821341947e-04 +2.450551772327e-04i jac=1.213312763092e+01
TRACE fcgl integrands=5.356665403362e-06 3.171927409238e-07
TRACE fcgl theta=1.562500000000e-02 dbob=3.145477318603e-04 +2.837826033604e-04i divx=-5.097127753419e-04 -7.867624204351e-04i kapx=9.758252174082e-05 +2.514899085373e-04i jac=1.213312763092e+01
TRACE fcgl integrands=5.331309746101e-06 2.919031557532e-07
TRACE fcgl theta=1.953125000000e-02 dbob=2.934123815505e-04 +2.948415125828e-04i divx=-4.675599752705e-04 -8.100215449107e-04i kapx=8.707379686003e-05 +2.575900161640e-04i jac=1.213312763092e+01
TRACE fcgl integrands=5.306709915603e-06 2.667060771291e-07
TRACE fcgl theta=2.343750000000e-02 dbob=2.711279000054e-04 +3.051566185847e-04i divx=-4.230302416452e-04 -8.316739653061e-04i kapx=7.595117081988e-05 +2.632586733607e-04i jac=1.213312763092e+01
TRACE fcgl integrands=5.281769884832e-06 2.417488882477e-07
TRACE fcgl theta=2.734375000000e-02 dbob=2.477726107829e-04 +3.145673703637e-04i divx=-3.762775638711e-04 -8.513655792630e-04i kapx=6.425247654408e-05 +2.683991044497e-04i jac=1.213312763092e+01
TRACE fcgl integrands=5.256120360276e-06 2.172506173679e-07
TRACE fcgl theta=3.125000000000e-02 dbob=2.234871675853e-04 +3.229436744997e-04i divx=-3.275918781324e-04 -8.688022933005e-04i kapx=5.205235527355e-05 +2.729293094004e-04i jac=1.213312763092e+01
TRACE fcgl integrands=5.230190100163e-06 1.934707982425e-07
TRACE fcgl theta=3.515625000000e-02 dbob=1.984518962756e-04 +3.302015246386e-04i divx=-2.773530529668e-04 -8.837870997317e-04i kapx=3.945057834562e-05 +2.767927875465e-04i jac=1.213312763092e+01
TRACE fcgl integrands=5.205138165311e-06 1.706761743540e-07
TRACE fcgl theta=3.906250000000e-02 dbob=1.728600723704e-04 +3.363078067116e-04i divx=-2.259742427097e-04 -8.962345489685e-04i kapx=2.655708516963e-05 +2.799633711284e-04i jac=1.213312763092e+01
TRACE fcgl integrands=5.182669866612e-06 1.491116462028e-07
TRACE fcgl theta=4.296875000000e-02 dbob=1.468925770317e-04 +3.412742755273e-04i divx=-1.738462590321e-04 -9.061615237325e-04i kapx=1.347684100019e-05 +2.824436241026e-04i jac=1.213312763092e+01
TRACE fcgl integrands=5.164776559325e-06 1.289800252524e-07
TRACE fcgl theta=4.687500000000e-02 dbob=1.206986576919e-04 +3.451430107771e-04i divx=-1.212935834667e-04 -9.136583333591e-04i kapx=2.974628874157e-07 +2.842576612910e-04i jac=1.213312763092e+01
TRACE fcgl integrands=5.153446976184e-06 1.104325336047e-07
TRACE fcgl theta=5.078125000000e-02 dbob=9.438584926399e-05 +3.479673281924e-04i divx=-6.854943051730e-05 -9.188481018326e-04i kapx=-1.291820937334e-05 +2.854403868201e-04i jac=1.213312763092e+01
TRACE fcgl integrands=5.150396557197e-06 9.356934198997e-08
TRACE fcgl theta=5.468750000000e-02 dbob=6.801990833822e-05 +3.497928072437e-04i divx=-1.575268416009e-05 -9.218444001814e-04i kapx=-2.613361208907e-05 +2.860257964689e-04i jac=1.213312763092e+01
TRACE fcgl integrands=5.156853726057e-06 7.844744692249e-08
TRACE fcgl theta=5.859375000000e-02 dbob=4.163339503932e-05 +3.506427003886e-04i divx=3.703534584285e-05 -9.227167301022e-04i kapx=-3.933437044109e-05 +2.860370148568e-04i jac=1.213312763092e+01
TRACE fcgl integrands=5.173430827945e-06 6.509224991635e-08
TRACE fcgl theta=6.250000000000e-02 dbob=1.523980093851e-05 +3.505106613358e-04i divx=8.980046931069e-05 -9.214709996231e-04i kapx=-5.252013512460e-05 +2.854801691436e-04i jac=1.213312763092e+01
TRACE fcgl integrands=5.200094265166e-06 5.350936083747e-08
TRACE fcgl theta=6.640625000000e-02 dbob=-1.115077412786e-05 +3.493618276409e-04i divx=1.425399830710e-04 -9.180482160001e-04i kapx=-6.569460447155e-05 +2.843431941796e-04i jac=1.213312763092e+01
TRACE fcgl integrands=5.236234279645e-06 4.369413544862e-08
TRACE fcgl theta=7.031250000000e-02 dbob=-3.751830211254e-05 +3.471412868413e-04i divx=1.952306753850e-04 -9.123402285316e-04i kapx=-7.885618663624e-05 +2.825994708451e-04i jac=1.213312763092e+01
TRACE fcgl integrands=5.280820705974e-06 3.563782717178e-08
TRACE fcgl theta=7.421875000000e-02 dbob=-6.382478191505e-05 +3.437873152963e-04i divx=2.478075440073e-04 -9.042175190553e-04i kapx=-9.199138104612e-05 +2.802151018795e-04i jac=1.213312763092e+01
TRACE fcgl integrands=5.332618189123e-06 2.933052339697e-08
TRACE fcgl theta=7.812500000000e-02 dbob=-9.001279890463e-05 +3.392458643038e-04i divx=3.001570713901e-04 -8.935616133502e-04i kapx=-1.050721362427e-04 +2.771578745232e-04i jac=1.213312763092e+01
TRACE fcgl integrands=5.390424799681e-06 2.476190636272e-08
TRACE fcgl theta=8.203125000000e-02 dbob=-1.160102467373e-04 +3.334827482202e-04i divx=3.521250289523e-04 -8.802941522162e-04i kapx=-1.180573911075e-04 +2.734057019980e-04i jac=1.213312763092e+01
TRACE fcgl integrands=5.453293850711e-06 2.192117820241e-08
TRACE fcgl theta=8.593750000000e-02 dbob=-1.417392532427e-04 +3.264908125501e-04i divx=4.035352296806e-04 -8.643960277867e-04i kapx=-1.308979882189e-04 +2.689526076183e-04i jac=1.213312763092e+01
TRACE fcgl integrands=5.520701528200e-06 2.079726093590e-08
TRACE fcgl theta=8.984375000000e-02 dbob=-1.671264416276e-04 +3.182907767005e-04i divx=4.542132411484e-04 -8.459128207072e-04i kapx=-1.435433997604e-04 +2.638110220034e-04i jac=1.213312763092e+01
TRACE fcgl integrands=5.592632740323e-06 2.137980564720e-08
TRACE fcgl theta=9.375000000000e-02 dbob=-1.921115367145e-04 +3.089260783612e-04i divx=5.040083143150e-04 -8.249463058009e-04i kapx=-1.559483888003e-04 +2.580101137198e-04i jac=1.213312763092e+01
TRACE fcgl integrands=5.669572661969e-06 2.366086510820e-08
TRACE fcgl theta=9.765625000000e-02 dbob=-2.166519736538e-04 +2.984534853387e-04i divx=5.528077555139e-04 -8.016351405378e-04i kapx=-1.680778909301e-04 +2.515908275995e-04i jac=1.213312763092e+01
TRACE fcgl integrands=5.752408707724e-06 2.763653601997e-08
TRACE fcgl theta=1.015625000000e-01 dbob=-2.407223755172e-04 +2.869321468394e-04i divx=6.005403238412e-04 -7.761302181848e-04i kapx=-1.799089741620e-04 +2.445990356727e-04i jac=1.213312763092e+01
TRACE fcgl integrands=5.842263514773e-06 3.330763196127e-08
TRACE fcgl theta=1.054687500000e-01 dbob=-2.643092003335e-04 +2.744139392754e-04i divx=6.471683083814e-04 -7.485710425170e-04i kapx=-1.914295540239e-04 +2.370785516208e-04i jac=1.213312763092e+01
TRACE fcgl integrands=5.940290868343e-06 4.067857938390e-08
TRACE fcgl theta=1.093750000000e-01 dbob=-2.874021423405e-04 +2.609374195136e-04i divx=6.926709228630e-04 -7.190687411306e-04i kapx=-2.026343902613e-04 +2.290656608085e-04i jac=1.213312763092e+01
TRACE fcgl integrands=6.047471501042e-06 4.975419997088e-08
TRACE fcgl theta=1.132812500000e-01 dbob=-3.099846871023e-04 +2.465266087138e-04i divx=7.370238065407e-04 -6.876992591206e-04i kapx=-2.135195597192e-04 +2.205863252034e-04i jac=1.213312763092e+01
TRACE fcgl integrands=6.164443954596e-06 6.053471630593e-08
TRACE fcgl theta=1.171875000000e-01 dbob=-3.320263791207e-04 +2.311944973156e-04i divx=7.801802404376e-04 -6.545074570346e-04i kapx=-2.240769306585e-04 +2.116564798595e-04i jac=1.213312763092e+01
TRACE fcgl integrands=6.291398064892e-06 7.300998867083e-08
TRACE fcgl theta=1.210937500000e-01 dbob=-3.534788507718e-04 +2.149499366274e-04i divx=8.220590349821e-04 -6.195200216082e-04i kapx=-2.342900921051e-04 +2.022850424904e-04i jac=1.213312763092e+01
TRACE fcgl integrands=6.428046779580e-06 8.715443813432e-08
TRACE fcgl theta=1.250000000000e-01 dbob=-3.742766396605e-04 +1.978057709589e-04i divx=8.625421517661e-04 -5.827629901392e-04i kapx=-2.441327560528e-04 +1.924786095902e-04i jac=1.213312763092e+01
TRACE fcgl integrands=6.573677993200e-06 1.029241635177e-07
TRACE fcgl theta=1.289062500000e-01 dbob=-3.943425680126e-04 +1.797858533689e-04i divx=9.014825230175e-04 -5.442787815063e-04i kapx=-2.535699775024e-04 +1.822464640687e-04i jac=1.213312763092e+01
TRACE fcgl integrands=6.727274077163e-06 1.202573540363e-07
TRACE fcgl theta=1.328125000000e-01 dbob=-4.135963006837e-04 +1.609290038036e-04i divx=9.387199161942e-04 -5.041380844347e-04i kapx=-2.625618077552e-04 +1.716045403155e-04i jac=1.213312763092e+01
TRACE fcgl integrands=6.887674982556e-06 1.390783119093e-07
TRACE fcgl theta=1.367187500000e-01 dbob=-4.319639291628e-04 +1.412888756025e-04i divx=9.741007217846e-04 -4.624435891589e-04i kapx=-2.710683963109e-04 +1.605773567782e-04i jac=1.213312763092e+01
TRACE fcgl integrands=7.053753234164e-06 1.593044350403e-07
TRACE fcgl theta=1.406250000000e-01 dbob=-4.493862299574e-04 +1.209298397102e-04i divx=1.007496692913e-03 -4.193248843852e-04i kapx=-2.790552314776e-04 +1.491975223375e-04i jac=1.213312763092e+01
TRACE fcgl integrands=7.224567381943e-06 1.808546467699e-07
TRACE fcgl theta=1.445312500000e-01 dbob=-4.658236480040e-04 +9.992006944061e-05i divx=1.038818106196e-03 -3.749262427710e-04i kapx=-2.864972290958e-04 +1.375030866652e-04i jac=1.213312763092e+01
TRACE fcgl integrands=7.399465205759e-06 2.036572632986e-07
TRACE fcgl theta=1.484375000000e-01 dbob=-4.812569365240e-04 +7.832373557573e-05i divx=1.068018381379e-03 -3.293908611007e-04i kapx=-2.933807224273e-04 +1.255335627625e-04i jac=1.213312763092e+01
TRACE fcgl integrands=7.578118576410e-06 2.276553273259e-07
TRACE fcgl theta=1.523437500000e-01 dbob=-4.956835039926e-04 +5.619442420527e-05i divx=1.095089450100e-03 -2.828459512093e-04i kapx=-2.997029730539e-04 +1.133257635020e-04i jac=1.213312763092e+01
TRACE fcgl integrands=7.760486361139e-06 2.528080217979e-07
TRACE fcgl theta=1.562500000000e-01 dbob=-5.091105842953e-04 +3.357153137371e-05i divx=1.120049502786e-03 -2.353927183402e-04i kapx=-3.054694592452e-04 +1.009105934833e-04i jac=1.213312763092e+01
TRACE fcgl integrands=7.946717037679e-06 2.790877614644e-07
TRACE fcgl theta=1.601562500000e-01 dbob=-5.215470891873e-04 +1.048057850377e-05i divx=1.142926569636e-03 -1.871038520700e-04i kapx=-3.106897402245e-04 +8.831163678310e-05i jac=1.213312763092e+01
TRACE fcgl integrands=8.137015283382e-06 3.064736752616e-07
TRACE fcgl theta=1.640625000000e-01 dbob=-5.329962457131e-04 -1.306264688763e-05i divx=1.163742263058e-03 -1.380290948182e-04i kapx=-3.153730086725e-04 +7.554587085291e-05i jac=1.213312763092e+01
TRACE fcgl integrands=8.331503803609e-06 3.349431339252e-07
TRACE fcgl theta=1.679687500000e-01 dbob=-5.434508215574e-04 -3.704521441118e-05i divx=1.182499741438e-03 -8.820730152984e-05i kapx=-3.195244599405e-04 +6.262625797051e-05i jac=1.213312763092e+01
TRACE fcgl integrands=8.530111459378e-06 3.644634891561e-07
TRACE fcgl theta=1.718750000000e-01 dbob=-5.528919948650e-04 -6.144921969334e-05i divx=1.199178662975e-03 -3.768172369010e-05i kapx=-3.231433340551e-04 +4.956547169172e-05i jac=1.213312763092e+01
TRACE fcgl integrands=8.732511510972e-06 3.949861371639e-07
TRACE fcgl theta=1.757812500000e-01 dbob=-5.612919392565e-04 -8.624500090757e-05i divx=1.213737956044e-03 +1.348553599755e-05i kapx=-3.262230083938e-04 +3.637973245501e-05i jac=1.213312763092e+01
TRACE fcgl integrands=8.938121357810e-06 4.264444169213e-07
TRACE fcgl theta=1.796875000000e-01 dbob=-5.686192311865e-04 -1.113871079285e-04i divx=1.226125165292e-03 +6.520366664475e-05i kapx=-3.287529670529e-04 +2.309172064188e-05i jac=1.213312763092e+01
TRACE fcgl integrands=9.146160535224e-06 4.587558610379e-07
TRACE fcgl theta=1.835937500000e-01 dbob=-5.748454925003e-04 -1.368140038422e-04i divx=1.236289478785e-03 +1.173504047224e-04i kapx=-3.307219931424e-04 +9.731799559887e-06i jac=1.213312763092e+01
TRACE fcgl integrands=9.355750327885e-06 4.918281912812e-07
TRACE fcgl theta=1.875000000000e-01 dbob=-5.799514255779e-04 -1.624515214540e-04i divx=1.244194713255e-03 +1.697770458195e-04i kapx=-3.321216438386e-04 -3.662762182733e-06i jac=1.213312763092e+01
TRACE fcgl integrands=9.566029180275e-06 5.255674790890e-07
TRACE fcgl theta=1.914062500000e-01 dbob=-5.839306326830e-04 -1.882191589355e-04i divx=1.249828715553e-03 +2.223198674858e-04i kapx=-3.329490414350e-04 -1.705035427517e-05i jac=1.213312763092e+01
TRACE fcgl integrands=9.776255101801e-06 5.598863220697e-07
TRACE fcgl theta=1.953125000000e-01 dbob=-5.867902578345e-04 -2.140376175828e-04i divx=1.253206744372e-03 +2.748150269427e-04i kapx=-3.332082432687e-04 -3.038870467998e-05i jac=1.213312763092e+01
TRACE fcgl integrands=9.985870056971e-06 5.947098694357e-07
TRACE fcgl theta=1.992187500000e-01 dbob=-5.885483671578e-04 -2.398357269483e-04i divx=1.254368105135e-03 +3.271132018728e-04i kapx=-3.329098689886e-04 -4.363873746228e-05i jac=1.213312763092e+01
TRACE fcgl integrands=1.019451099725e-05 6.299780754275e-07
TRACE fcgl theta=2.031250000000e-01 dbob=-5.892288563877e-04 -2.655551213363e-04i divx=1.253367154054e-03 +3.790904233828e-04i kapx=-3.320691488332e-04 -5.676765102322e-05i jac=1.213312763092e+01
TRACE fcgl integrands=1.040196553057e-05 6.656435407157e-07
TRACE fcgl theta=2.070312500000e-01 dbob=-5.888553143681e-04 -2.911516562412e-04i divx=1.250261275981e-03 +4.306526313044e-04i kapx=-3.307029808067e-04 -6.975048753158e-05i jac=1.213312763092e+01
TRACE fcgl integrands=1.060808416505e-05 7.016654734128e-07
TRACE fcgl theta=2.109375000000e-01 dbob=-5.874455183118e-04 -3.165934113427e-04i divx=1.245099193476e-03 +4.817331571239e-04i kapx=-3.288268375824e-04 -8.256987289063e-05i jac=1.213312763092e+01
TRACE fcgl integrands=1.081267229099e-05 7.380013620873e-07
TRACE fcgl theta=2.148437500000e-01 dbob=-5.850080362527e-04 -3.418559911377e-04i divx=1.237912803951e-03 +5.322841588125e-04i kapx=-3.264523838493e-04 -9.521408383740e-05i jac=1.213312763092e+01
TRACE fcgl integrands=1.101539076530e-05 7.745986196369e-07
TRACE fcgl theta=2.187500000000e-01 dbob=-5.815418283274e-04 -3.669164835922e-04i divx=1.228714734502e-03 +5.822645211759e-04i kapx=-3.235864530874e-04 -1.076740187918e-04i jac=1.213312763092e+01
TRACE fcgl integrands=1.121569253809e-05 8.113885396652e-07
TRACE fcgl theta=2.226562500000e-01 dbob=-5.770389331748e-04 -3.917477121010e-04i divx=1.217502236941e-03 +6.316275215360e-04i kapx=-3.202316518830e-04 -1.199399047175e-04i jac=1.213312763092e+01
TRACE fcgl integrands=1.141281431532e-05 8.482843659039e-07
TRACE fcgl theta=2.265625000000e-01 dbob=-5.714895142821e-04 -4.163142589318e-04i divx=1.204266344821e-03 +6.803114640271e-04i kapx=-3.163884152693e-04 -1.319986025477e-04i jac=1.213312763092e+01
TRACE fcgl integrands=1.160582868258e-05 8.851842360865e-07
TRACE fcgl theta=2.304687500000e-01 dbob=-5.648879351662e-04 -4.405712050802e-04i divx=1.189003830517e-03 +7.282355618580e-04i kapx=-3.120579476754e-04 -1.438321783889e-04i jac=1.213312763092e+01
TRACE fcgl integrands=1.179374671611e-05 9.219784876970e-07
TRACE fcgl theta=2.343750000000e-01 dbob=-5.572382848496e-04 -4.644657736976e-04i divx=1.171728790288e-03 +7.753018645886e-04i kapx=-3.072452527195e-04 -1.554180454455e-04i jac=1.213312763092e+01
TRACE fcgl integrands=1.197564775876e-05 9.585596364594e-07
TRACE fcgl theta=2.382812500000e-01 dbob=-5.485579422137e-04 -4.879412871746e-04i divx=1.152480820451e-03 +8.214023932720e-04i kapx=-3.019614391186e-04 -1.667305530487e-04i jac=1.213312763092e+01
TRACE fcgl integrands=1.215080519251e-05 9.948325715668e-07
TRACE fcgl theta=2.421875000000e-01 dbob=-5.388782964406e-04 -5.109422555133e-04i divx=1.131327674733e-03 +8.664292941432e-04i kapx=-2.962246891462e-04 -1.777435193150e-04i jac=1.213312763092e+01
TRACE fcgl integrands=1.231877679495e-05 1.030722362375e-06
TRACE fcgl theta=2.460937500000e-01 dbob=-5.282424852324e-04 -5.334191553563e-04i divx=1.108361752094e-03 +9.102850985104e-04i kapx=-2.900596334308e-04 -1.884329715770e-04i jac=1.213312763092e+01
TRACE fcgl integrands=1.247943581307e-05 1.066177587461e-06
TRACE fcgl theta=2.500000000000e-01 dbob=-5.167007747082e-04 -5.553315926743e-04i divx=1.083691363067e-03 +9.528902543530e-04i kapx=-2.834952941794e-04 -1.987793308394e-04i jac=1.213312763092e+01
TRACE fcgl integrands=1.263293245451e-05 1.101168154548e-06
TRACE fcgl theta=2.539062500000e-01 dbob=-5.043047870282e-04 -5.766490208267e-04i divx=1.057429041003e-03 +9.941859297687e-04i kapx=-2.765621269872e-04 -2.087684544710e-04i jac=1.213312763092e+01
TRACE fcgl integrands=1.277959183178e-05 1.135677916478e-06
TRACE fcgl theta=2.578125000000e-01 dbob=-4.911020378749e-04 -5.973488732473e-04i divx=1.029679865422e-03 +1.034131437113e-03i kapx=-2.692889137734e-04 -2.183912819328e-04i jac=1.213312763092e+01
TRACE fcgl integrands=1.291976958487e-05 1.169693672034e-06
TRACE fcgl theta=2.617187500000e-01 dbob=-4.771321183939e-04 -6.174126786008e-04i divx=1.000532680366e-03 +1.072697116922e-03i kapx=-2.617002809859e-04 -2.276422191607e-04i jac=1.213312763092e+01
TRACE fcgl integrands=1.305369683519e-05 1.203193052894e-06
TRACE fcgl theta=2.656250000000e-01 dbob=-4.624253887776e-04 -6.368212672290e-04i divx=9.700562626389e-04 +1.109854751498e-03i kapx=-2.538154369307e-04 -2.365167421343e-04i jac=1.213312763092e+01
TRACE fcgl integrands=1.318134930704e-05 1.236134113430e-06
TRACE fcgl theta=2.695312500000e-01 dbob=-4.470043744109e-04 -6.555504110703e-04i divx=9.383011581119e-04 +1.145568226386e-03i kapx=-2.456483918505e-04 -2.450089076577e-04i jac=1.213312763092e+01
TRACE fcgl integrands=1.330237059718e-05 1.268449078594e-06
TRACE fcgl theta=2.734375000000e-01 dbob=-4.308873523637e-04 -6.735681093391e-04i divx=9.053064210652e-04 +1.179787062466e-03i kapx=-2.372095343508e-04 -2.531094765634e-04i jac=1.213312763092e+01
TRACE fcgl integrands=1.341606773485e-05 1.300043751006e-06
TRACE fcgl theta=2.773437500000e-01 dbob=-4.140930701274e-04 -6.908342805798e-04i divx=8.711092535773e-04 +1.212444641296e-03i kapx=-2.285080917250e-04 -2.608051803579e-04i jac=1.213312763092e+01
TRACE fcgl integrands=1.352148102165e-05 1.330802759419e-06
TRACE fcgl theta=2.812500000000e-01 dbob=-3.966452878664e-04 -7.073029738380e-04i divx=8.357548667391e-04 +1.243461667281e-03i kapx=-2.195547894363e-04 -2.680793467216e-04i jac=1.213312763092e+01
TRACE fcgl integrands=1.361751336430e-05 1.360599464150e-06
TRACE fcgl theta=2.851562500000e-01 dbob=-3.785759370264e-04 -7.229265424525e-04i divx=7.993039347642e-04 +1.272754000540e-03i kapx=-2.103639988689e-04 -2.749137290437e-04i jac=1.213312763092e+01
TRACE fcgl integrands=1.370309080529e-05 1.389308251146e-06
TRACE fcgl theta=2.890625000000e-01 dbob=-3.599261048170e-04 -7.376607104572e-04i divx=7.618357538210e-04 +1.300242830760e-03i kapx=-2.009548245020e-04 -2.812910601514e-04i jac=1.213312763092e+01
TRACE fcgl integrands=1.377731890643e-05 1.416816408759e-06
TRACE fcgl theta=2.929687500000e-01 dbob=-3.407446667718e-04 -7.514692364612e-04i divx=7.234464349905e-04 +1.325864549979e-03i kapx=-1.913508841093e-04 -2.871976567589e-04i jac=1.213312763092e+01
TRACE fcgl integrands=1.383960076483e-05 1.443032920705e-06
TRACE fcgl theta=2.968750000000e-01 dbob=-3.210850305264e-04 -7.643269973957e-04i divx=6.842428196256e-04 +1.349577774925e-03i kapx=-1.815788945496e-04 -2.926253887645e-04i jac=1.213312763092e+01
TRACE fcgl integrands=1.388969151831e-05 1.467892289005e-06
TRACE fcgl theta=3.007812500000e-01 dbob=-3.010009520409e-04 -7.762207377844e-04i divx=6.443339404717e-04 +1.371365732387e-03i kapx=-1.716664942154e-04 -2.975724973012e-04i jac=1.213312763092e+01
TRACE fcgl integrands=1.392767907925e-05 1.491352725861e-06
TRACE fcgl theta=3.046875000000e-01 dbob=-2.805426115884e-04 -7.871473426548e-04i divx=6.038224658354e-04 +1.391233442555e-03i kapx=-1.616399271235e-04 -3.020430499499e-04i jac=1.213312763092e+01
TRACE fcgl integrands=1.395389793768e-05 1.513389416244e-06
TRACE fcgl theta=3.085937500000e-01 dbob=-2.597540369130e-04 -7.971101299047e-04i divx=5.627985046143e-04 +1.409200486555e-03i kapx=-1.515222338506e-04 -3.060451783251e-04i jac=1.213312763092e+01
TRACE fcgl integrands=1.396879806251e-05 1.533984712997e-06
TRACE fcgl theta=3.125000000000e-01 dbob=-2.386725688825e-04 -8.061141535133e-04i divx=5.213374474817e-04 +1.425291268104e-03i kapx=-1.413324392996e-04 -3.095885572953e-04i jac=1.213312763092e+01
TRACE fcgl integrands=1.397280056885e-05 1.553117797840e-06
TRACE fcgl theta=3.164062500000e-01 dbob=-2.173304916367e-04 -8.141617358351e-04i divx=4.795023753172e-04 +1.439525284230e-03i kapx=-1.310859418403e-04 -3.126817741976e-04i jac=1.213312763092e+01
TRACE fcgl integrands=1.396617368988e-05 1.570756367117e-06
TRACE fcgl theta=3.203125000000e-01 dbob=-1.957583517012e-04 -8.212493519066e-04i divx=4.373502957356e-04 +1.451909857229e-03i kapx=-1.207959720172e-04 -3.153302526614e-04i jac=1.213312763092e+01
TRACE fcgl integrands=1.394895643493e-05 1.586852289834e-06
TRACE fcgl theta=3.242187500000e-01 dbob=-1.739890294254e-04 -8.273666036381e-04i divx=3.949404161863e-04 +1.462437079101e-03i kapx=-1.104756933804e-04 -3.175352377314e-04i jac=1.213312763092e+01
TRACE fcgl integrands=1.392094485283e-05 1.601342108668e-06
TRACE fcgl theta=3.281250000000e-01 dbob=-1.520614228985e-04 -8.324974548484e-04i divx=3.523421076513e-04 +1.471085578072e-03i kapx=-1.001403423764e-04 -3.192940616116e-04i jac=1.213312763092e+01
TRACE fcgl integrands=1.388174026758e-05 1.614151997373e-06
TRACE fcgl theta=3.320312500000e-01 dbob=-1.300227099760e-04 -8.366233028035e-04i divx=3.096402991473e-04 +1.477826444361e-03i kapx=-8.980879458565e-05 -3.206015707789e-04i jac=1.213312763092e+01
TRACE fcgl integrands=1.383084407623e-05 1.625205673885e-06
TRACE fcgl theta=3.359375000000e-01 dbob=-1.079285359978e-04 -8.397269957777e-04i divx=2.669367394172e-04 +1.482631587550e-03i kapx=-7.950410170969e-05 -3.214522958862e-04i jac=1.213312763092e+01
TRACE fcgl integrands=1.376777324415e-05 1.634433075783e-06
TRACE fcgl theta=3.398437500000e-01 dbob=-8.584102791310e-05 -8.417966891420e-04i divx=2.243466751806e-04 +1.485482217581e-03i kapx=-6.925282363375e-05 -3.218427642197e-04i jac=1.213312763092e+01
TRACE fcgl integrands=1.369216688576e-05 1.641777497877e-06
TRACE fcgl theta=3.437500000000e-01 dbob=-6.382511061226e-05 -8.428285159505e-04i divx=1.819917230814e-04 +1.486375188549e-03i kapx=-5.908330623456e-05 -3.217733362991e-04i jac=1.213312763092e+01
TRACE fcgl integrands=1.360385797279e-05 1.647199382437e-06
TRACE fcgl theta=3.476562500000e-01 dbob=-4.194404539914e-05 -8.428274024980e-04i divx=1.399907261027e-04 +1.485325592522e-03i kapx=-4.902334035178e-05 -3.212490950121e-04i jac=1.213312763092e+01
TRACE fcgl integrands=1.350289415798e-05 1.650675901491e-06
TRACE fcgl theta=3.515625000000e-01 dbob=-2.025530777794e-05 -8.418058839604e-04i divx=9.845091679188e-05 +1.482365053914e-03i kapx=-3.909780450697e-05 -3.202795849769e-04i jac=1.213312763092e+01
TRACE fcgl integrands=1.338950532947e-05 1.652196624984e-06
TRACE fcgl theta=3.554687500000e-01 dbob=1.192176765361e-06 -8.397813258711e-04i divx=5.746162267921e-05 +1.477536360210e-03i kapx=-2.932689972229e-05 -3.188775171693e-04i jac=1.213312763092e+01
TRACE fcgl integrands=1.326402936304e-05 1.651756627637e-06
TRACE fcgl theta=3.593750000000e-01 dbob=2.235878435606e-05 -8.367723855866e-04i divx=1.709207335724e-05 +1.470886051879e-03i kapx=-1.972542885665e-05 -3.170568331463e-04i jac=1.213312763092e+01
TRACE fcgl integrands=1.312681814471e-05 1.649349078424e-06
TRACE fcgl theta=3.632812500000e-01 dbob=4.321280672330e-05 -8.327957412542e-04i divx=-2.260621062156e-05 +1.462457121111e-03i kapx=-1.030329805087e-05 -3.148306899283e-04i jac=1.213312763092e+01
TRACE fcgl integrands=1.297815066045e-05 1.644959503429e-06
TRACE fcgl theta=3.671875000000e-01 dbob=6.372735573669e-05 -8.278640262551e-04i divx=-6.159315932306e-05 +1.452283901373e-03i kapx=-1.067098206816e-06 -3.122099375591e-04i jac=1.213312763092e+01
TRACE fcgl integrands=1.281817765134e-05 1.638563480218e-06
TRACE fcgl theta=3.710937500000e-01 dbob=8.387641721768e-05 -8.219855633683e-04i divx=-9.983172693808e-05 +1.440390595041e-03i kapx=7.977654860200e-06 -3.092025158365e-04i jac=1.213312763092e+01
TRACE fcgl integrands=1.264691365622e-05 1.630128623997e-06
TRACE fcgl theta=3.750000000000e-01 dbob=1.036311097056e-04 -8.151659914180e-04i divx=-1.372795262802e-04 +1.426793863667e-03i kapx=1.682420828726e-05 -3.058139361243e-04i jac=1.213312763092e+01
TRACE fcgl integrands=1.246427949621e-05 1.619620597789e-06
TRACE fcgl theta=3.789062500000e-01 dbob=1.229571198361e-04 -8.074113552322e-04i divx=-1.738826871478e-04 +1.411508776179e-03i kapx=2.546278365584e-05 -3.020487104736e-04i jac=1.213312763092e+01
TRACE fcgl integrands=1.227018473962e-05 1.607011814785e-06
TRACE fcgl theta=3.828125000000e-01 dbob=1.418139489122e-04 -7.987318282297e-04i divx=-2.095734685834e-04 +1.394556480880e-03i kapx=3.387975983557e-05 -2.979123263252e-04i jac=1.213312763092e+01
TRACE fcgl integrands=1.206462894929e-05 1.592290778115e-06
TRACE fcgl theta=3.867187500000e-01 dbob=1.601561096040e-04 -7.891450626057e-04i divx=-2.442721326917e-04 +1.375971486983e-03i kapx=4.205801154385e-05 -2.934132121886e-04i jac=1.213312763092e+01
TRACE fcgl integrands=1.184779534236e-05 1.575469808079e-06
TRACE fcgl theta=3.906250000000e-01 dbob=1.779358922897e-04 -7.786782594130e-04i divx=-2.778924536559e-04 +1.355806536801e-03i kapx=4.997828068305e-05 -2.885641386940e-04i jac=1.213312763092e+01
TRACE fcgl integrands=1.162011218673e-05 1.556589286880e-06
TRACE fcgl theta=3.945312500000e-01 dbob=1.951069159279e-04 -7.673683910706e-04i divx=-3.103492931508e-04 +1.334133690773e-03i kapx=5.762118861145e-05 -2.833826498511e-04i jac=1.213312763092e+01
TRACE fcgl integrands=1.138226531847e-05 1.535717402825e-06
TRACE fcgl theta=3.984375000000e-01 dbob=2.116274938545e-04 -7.552604985796e-04i divx=-3.415661699220e-04 +1.311041258560e-03i kapx=6.496933803378e-05 -2.778903799902e-04i jac=1.213312763092e+01
TRACE fcgl integrands=1.113515743945e-05 1.512945474914e-06
TRACE fcgl theta=4.023437500000e-01 dbob=2.274629251426e-04 -7.424044927290e-04i divx=-3.714808132621e-04 +1.286627316804e-03i kapx=7.200894405978e-05 -2.721114120374e-04i jac=1.213312763092e+01
TRACE fcgl integrands=1.087982315077e-05 1.488379999678e-06
TRACE fcgl theta=4.062500000000e-01 dbob=2.425861400781e-04 -7.288512775653e-04i divx=-4.000472907306e-04 +1.260991460729e-03i kapx=7.873057532626e-05 -2.660700915817e-04i jac=1.213312763092e+01
TRACE fcgl integrands=1.061731960930e-05 1.462133315992e-06
TRACE fcgl theta=4.101562500000e-01 dbob=2.569765936219e-04 -7.146491832587e-04i divx=-4.272342690677e-04 +1.234226901672e-03i kapx=8.512883772289e-05 -2.597888592065e-04i jac=1.213312763092e+01
TRACE fcgl integrands=1.034861855565e-05 1.434315047600e-06
TRACE fcgl theta=4.140625000000e-01 dbob=2.706177851446e-04 -6.998416020552e-04i divx=-4.530200368850e-04 +1.206414924910e-03i kapx=9.120112587018e-05 -2.532866614274e-04i jac=1.213312763092e+01
TRACE fcgl integrands=1.007452488953e-05 1.405026205411e-06
TRACE fcgl theta=4.179687500000e-01 dbob=2.834941549435e-04 -6.844663935643e-04i divx=-4.773857979145e-04 +1.177623092213e-03i kapx=9.694582148546e-05 -2.465783493245e-04i jac=1.213312763092e+01
TRACE fcgl integrands=9.795640234183e-06 1.374357100806e-06
TRACE fcgl theta=4.218750000000e-01 dbob=2.955882691176e-04 -6.685571543930e-04i divx=-5.003091986775e-04 +1.147907583393e-03i kapx=1.023604647799e-04 -2.396752144999e-04i jac=1.213312763092e+01
TRACE fcgl integrands=9.512378822561e-06 1.342389238020e-06
TRACE fcgl theta=4.257812500000e-01 dbob=3.068791138016e-04 -6.521459593115e-04i divx=-5.217599662193e-04 +1.117318987131e-03i kapx=1.074404262088e-04 -2.325865139096e-04i jac=1.213312763092e+01
TRACE fcgl integrands=9.225030367702e-06 1.309200375331e-06
TRACE fcgl theta=4.296875000000e-01 dbob=3.173420056374e-04 -6.352668063682e-04i divx=-5.416989298936e-04 +1.085909962227e-03i kapx=1.121784621281e-04 -2.253215779295e-04i jac=1.213312763092e+01
TRACE fcgl integrands=8.933853476104e-06 1.274871216867e-06
TRACE fcgl theta=4.335937500000e-01 dbob=3.269501758411e-04 -6.179588340658e-04i divx=-5.600807544041e-04 +1.053742729602e-03i kapx=1.165652892815e-04 -2.178919477679e-04i jac=1.213312763092e+01
TRACE fcgl integrands=8.639176295905e-06 1.239491890885e-06
TRACE fcgl theta=4.375000000000e-01 dbob=3.356776239825e-04 -6.002684643827e-04i divx=-5.768596795477e-04 +1.020894439577e-03i kapx=1.205910277826e-04 -2.103129875973e-04i jac=1.213312763092e+01
TRACE fcgl integrands=8.341480030017e-06 1.203166542730e-06
TRACE fcgl theta=4.414062500000e-01 dbob=3.435024899572e-04 -5.822499330177e-04i divx=-5.919967263428e-04 +9.874590578587e-04i kapx=1.242471181928e-04 -2.026045624205e-04i jac=1.213312763092e+01
TRACE fcgl integrands=8.041445791087e-06 1.166014952780e-06
TRACE fcgl theta=4.453125000000e-01 dbob=3.504100516959e-04 -5.639641106203e-04i divx=-6.054664153244e-04 +9.535453597101e-04i kapx=1.275281818142e-04 -1.947906245449e-04i jac=1.213312763092e+01
TRACE fcgl integrands=7.739954666023e-06 1.128170910409e-06
TRACE fcgl theta=4.492187500000e-01 dbob=3.563945579633e-04 -5.454759741566e-04i divx=-6.172611609814e-04 +9.192716569160e-04i kapx=1.304333015091e-04 -1.868978413797e-04i jac=1.213312763092e+01
TRACE fcgl integrands=7.438042332104e-06 1.089777908935e-06
TRACE fcgl theta=4.531250000000e-01 dbob=3.614594200046e-04 -5.268514328216e-04i divx=-6.273921222631e-04 +8.847587273852e-04i kapx=1.329663511292e-04 -1.789536472818e-04i jac=1.213312763092e+01
TRACE fcgl integrands=7.136820213853e-06 1.050983355549e-06
TRACE fcgl theta=4.570312500000e-01 dbob=3.656157253285e-04 -5.081543569568e-04i divx=-6.358862341491e-04 +8.501228487034e-04i kapx=1.351352544103e-04 -1.709842458733e-04i jac=1.213312763092e+01
TRACE fcgl integrands=6.837382388553e-06 1.011932760360e-06
TRACE fcgl theta=4.609375000000e-01 dbob=3.688794811015e-04 -4.894445664174e-04i divx=-6.427801628306e-04 +8.154707449157e-04i kapx=1.369503408646e-04 -1.630130892491e-04i jac=1.213312763092e+01
TRACE fcgl integrands=6.540719609545e-06 9.727652292384e-07
TRACE fcgl theta=4.648437500000e-01 dbob=3.712683230001e-04 -4.707772369244e-04i divx=-6.481127422978e-04 +7.808976735918e-04i kapx=1.384222096489e-04 -1.550602183337e-04i jac=1.213312763092e+01
TRACE fcgl integrands=6.247658652205e-06 9.336110982983e-07
TRACE fcgl theta=4.687500000000e-01 dbob=3.727985502263e-04 -4.522037652159e-04i divx=-6.519178443763e-04 +7.464889735275e-04i kapx=1.395596470750e-04 -1.471426041558e-04i jac=1.213312763092e+01
TRACE fcgl integrands=5.958837799869e-06 8.945918673954e-07
TRACE fcgl theta=4.726562500000e-01 dbob=3.734832373664e-04 -4.337737141536e-04i divx=-6.542195036221e-04 +7.123244144652e-04i kapx=1.403681331278e-04 -1.392753501558e-04i jac=1.213312763092e+01
TRACE fcgl integrands=5.674719789564e-06 8.558219157911e-07
TRACE fcgl theta=4.765625000000e-01 dbob=3.733318618882e-04 -4.155371543030e-04i divx=-6.550305013545e-04 +6.784839084694e-04i kapx=1.408493197332e-04 -1.314733770832e-04i jac=1.213312763092e+01
TRACE fcgl integrands=5.395634445573e-06 8.174110041982e-07
TRACE fcgl theta=4.804687500000e-01 dbob=3.723514602382e-04 -3.975466128609e-04i divx=-6.543546790081e-04 +6.450527715084e-04i kapx=1.410016093850e-04 -1.237530793238e-04i jac=1.213312763092e+01
TRACE fcgl integrands=5.121836784243e-06 7.794664102409e-07
TRACE fcgl theta=4.843750000000e-01 dbob=3.705489040611e-04 -3.798579621329e-04i divx=-6.521922541109e-04 +6.121248629739e-04i kapx=1.408216750249e-04 -1.161334504205e-04i jac=1.213312763092e+01
TRACE fcgl integrands=4.853563991166e-06 7.420937402575e-07
TRACE fcgl theta=4.882812500000e-01 dbob=3.679335871910e-04 -3.625298927492e-04i divx=-6.485466222601e-04 +5.798025394849e-04i kapx=1.403065175345e-04 -1.086363233679e-04i jac=1.213312763092e+01
TRACE fcgl integrands=4.591076647179e-06 7.053959405124e-07
TRACE fcgl theta=4.921875000000e-01 dbob=3.645197158802e-04 -3.456220326855e-04i divx=-6.434307576024e-04 +5.481932677477e-04i kapx=1.394555208611e-04 -1.012856175311e-04i jac=1.213312763092e+01
TRACE fcgl integrands=4.334675102563e-06 6.694706488835e-07
TRACE fcgl theta=4.960937500000e-01 dbob=3.603275248737e-04 -3.291921745058e-04i divx=-6.368714698696e-04 +5.174036977115e-04i kapx=1.382719724979e-04 -9.410576160288e-05i jac=1.213312763092e+01
TRACE fcgl integrands=4.084689339335e-06 6.344066029675e-07
TRACE fcgl theta=5.000000000000e-01 dbob=3.553830626458e-04 -3.132933464090e-04i divx=-6.289103945231e-04 +4.875327367317e-04i kapx=1.367636659387e-04 -8.711969516136e-05i jac=1.213312763092e+01
TRACE fcgl integrands=3.841448025517e-06 6.002801872004e-07
TRACE fcgl theta=5.039062500000e-01 dbob=3.497166097713e-04 -2.979715293467e-04i divx=-6.196015120609e-04 +4.586654820964e-04i kapx=1.349424511448e-04 -8.034697637486e-05i jac=1.213312763092e+01
TRACE fcgl integrands=3.605237897415e-06 5.671532552441e-07
TRACE fcgl theta=5.078125000000e-01 dbob=3.433601965348e-04 -2.832646615522e-04i divx=-6.090059596144e-04 +4.308696727785e-04i kapx=1.328228815398e-04 -7.380250561316e-05i jac=1.213312763092e+01
TRACE fcgl integrands=3.376266824352e-06 5.350730868607e-07
TRACE fcgl theta=5.117187500000e-01 dbob=3.363449559250e-04 -2.692032255074e-04i divx=-5.971856469249e-04 +4.041956617844e-04i kapx=1.304203455000e-04 -6.749621813852e-05i jac=1.213312763092e+01
TRACE fcgl integrands=3.154642484926e-06 5.040748034941e-07
TRACE fcgl theta=5.156250000000e-01 dbob=3.286991089035e-04 -2.558122750351e-04i divx=-5.841975140440e-04 +3.786799653809e-04i kapx=1.277492025703e-04 -6.143384517291e-05i jac=1.213312763092e+01
TRACE fcgl integrands=2.940374009219e-06 4.741859164508e-07
TRACE fcgl theta=5.195312500000e-01 dbob=3.204472110107e-04 -2.431143526598e-04i divx=-5.700900802903e-04 +3.543514714774e-04i kapx=1.248214346398e-04 -5.561855940879e-05i jac=1.213312763092e+01
TRACE fcgl integrands=2.733397492805e-06 4.454320905706e-07
TRACE fcgl theta=5.234375000000e-01 dbob=3.116109374116e-04 -2.311324838352e-04i divx=-5.549032844943e-04 +3.312386529463e-04i kapx=1.216461735414e-04 -5.005308455554e-05i jac=1.213312763092e+01
TRACE fcgl integrands=2.533619694340e-06 4.178428354745e-07
TRACE fcgl theta=5.273437500000e-01 dbob=3.022112437545e-04 -2.198923910732e-04i divx=-5.386716837322e-04 +3.093758362523e-04i kapx=1.182302199888e-04 -4.474172258960e-05i jac=1.213312763092e+01
TRACE fcgl integrands=2.340969229912e-06 3.914557909184e-07
TRACE fcgl theta=5.312500000000e-01 dbob=2.922713349137e-04 -2.094232638593e-04i divx=-5.214301186153e-04 +2.888068064321e-04i kapx=1.145793918508e-04 -3.969177128641e-05i jac=1.213312763092e+01
TRACE fcgl integrands=2.155442480009e-06 3.663185737972e-07
TRACE fcgl theta=5.351562500000e-01 dbob=2.818196173276e-04 -1.997568010777e-04i divx=-5.032202334664e-04 +2.695847287561e-04i kapx=1.107003080694e-04 -3.491396383918e-05i jac=1.213312763092e+01
TRACE fcgl integrands=1.977132758167e-06 3.424877327422e-07
TRACE fcgl theta=5.390625000000e-01 dbob=2.708917783991e-04 -1.909247106677e-04i divx=-4.840959611928e-04 +2.517683501047e-04i kapx=1.066020913969e-04 -3.042181971848e-05i jac=1.213312763092e+01
TRACE fcgl integrands=1.806235668135e-06 3.200250685316e-07
TRACE fcgl theta=5.429687500000e-01 dbob=2.595313427799e-04 -1.829552800320e-04i divx=-4.641263276544e-04 +2.354154456191e-04i kapx=1.022974924373e-04 -2.623008279354e-05i jac=1.213312763092e+01
TRACE fcgl integrands=1.643029803447e-06 2.989922425514e-07
TRACE fcgl theta=5.468750000000e-01 dbob=2.477884492753e-04 -1.758699025595e-04i divx=-4.433946382292e-04 +2.205752275285e-04i kapx=9.780309447695e-05 -2.235266248453e-05i jac=1.213312763092e+01
TRACE fcgl integrands=1.487838341850e-06 2.794450369182e-07
TRACE fcgl theta=5.507812500000e-01 dbob=2.357170698778e-04 -1.696804836093e-04i divx=-4.219940919189e-04 +2.072817281300e-04i kapx=9.313851102059e-05 -1.880062226037e-05i jac=1.213312763092e+01
TRACE fcgl integrands=1.340981951098e-06 2.614287276998e-07
TRACE fcgl theta=5.546875000000e-01 dbob=2.233713252509e-04 -1.643884388450e-04i divx=-4.000208600823e-04 +1.955499245363e-04i kapx=8.832476741570e-05 -1.558074284565e-05i jac=1.213312763092e+01
TRACE fcgl integrands=1.202735475439e-06 2.449757526429e-07
TRACE fcgl theta=5.585937500000e-01 dbob=2.108018195838e-04 -1.599855914775e-04i divx=-3.775663961968e-04 +1.853756511127e-04i kapx=8.338228830651e-05 -1.269502981759e-05i jac=1.213312763092e+01
TRACE fcgl integrands=1.073299597924e-06 2.301062609587e-07
TRACE fcgl theta=5.625000000000e-01 dbob=1.980529450666e-04 -1.564567791974e-04i divx=-3.547110062964e-04 +1.767393381109e-04i kapx=7.832903061487e-05 -1.014127945673e-05i jac=1.213312763092e+01
TRACE fcgl integrands=9.527944423798e-07 2.168313735678e-07
TRACE fcgl theta=5.664062500000e-01 dbob=1.851618790511e-04 -1.537835285137e-04i divx=-3.315204271750e-04 +1.696125920823e-04i kapx=7.317927406195e-05 -7.914531784285e-06i jac=1.213312763092e+01
TRACE fcgl integrands=8.412760356866e-07 2.051582544886e-07
TRACE fcgl theta=5.703125000000e-01 dbob=1.721595704922e-04 -1.519478664118e-04i divx=-3.080463982879e-04 +1.639658715435e-04i kapx=6.794341389781e-05 -6.009002565857e-06i jac=1.213312763092e+01
TRACE fcgl integrands=7.387703109251e-07 1.950955919991e-07
TRACE fcgl theta=5.742187500000e-01 dbob=1.590734964583e-04 -1.509352963895e-04i divx=-2.843311711043e-04 +1.597752178423e-04i kapx=6.262883732297e-05 -4.419960726384e-06i jac=1.213312763092e+01
TRACE fcgl integrands=6.453145590718e-07 1.866579516602e-07
TRACE fcgl theta=5.781250000000e-01 dbob=1.459315002283e-04 -1.507361827906e-04i divx=-2.604148525272e-04 +1.570262587434e-04i kapx=5.724167614946e-05 -3.145037976398e-06i jac=1.213312763092e+01
TRACE fcgl integrands=5.609942132261e-07 1.798677381591e-07
TRACE fcgl theta=5.820312500000e-01 dbob=1.327657255136e-04 -1.513452089737e-04i divx=-2.363437078301e-04 +1.557144449052e-04i kapx=5.178899115824e-05 -2.184617965745e-06i jac=1.213312763092e+01
TRACE fcgl integrands=4.859641363395e-07 1.747541253177e-07
TRACE fcgl theta=5.859375000000e-01 dbob=1.196156183322e-04 -1.527590904455e-04i divx=-2.121772635424e-04 +1.558415092286e-04i kapx=4.628082260511e-05 -1.541209391571e-06i jac=1.213312763092e+01
TRACE fcgl integrands=4.204478592737e-07 1.713491231937e-07
TRACE fcgl theta=5.898437500000e-01 dbob=1.065291941894e-04 -1.549731961755e-04i divx=-1.879923339723e-04 +1.574091786551e-04i kapx=4.073156989142e-05 -1.217991239802e-06i jac=1.213312763092e+01
TRACE fcgl integrands=3.647143374660e-07 1.696817317284e-07
TRACE fcgl theta=5.937500000000e-01 dbob=9.356220718992e-05 -1.579780323725e-04i divx=-1.638828772933e-04 +1.604119348219e-04i kapx=3.516033505167e-05 -1.216951224722e-06i jac=1.213312763092e+01
TRACE fcgl integrands=3.190380813371e-07 1.697716674679e-07
TRACE fcgl theta=5.976562500000e-01 dbob=8.077539592031e-05 -1.617565898975e-04i divx=-1.399556647870e-04 +1.648309027365e-04i kapx=2.959013443333e-05 -1.537156419515e-06i jac=1.213312763092e+01
TRACE fcgl integrands=2.836531995960e-07 1.716242906544e-07
TRACE fcgl theta=6.015625000000e-01 dbob=6.823047717639e-05 -1.662833333442e-04i divx=-1.163228354664e-04 +1.706306630182e-04i kapx=2.404617914500e-05 -2.173664836994e-06i jac=1.213312763092e+01
TRACE fcgl integrands=2.587136201174e-07 1.752280578613e-07
TRACE fcgl theta=6.054687500000e-01 dbob=5.598588140049e-05 -1.715251731239e-04i divx=-9.309321819754e-05 +1.777600035791e-04i kapx=1.855366839853e-05 -3.117415227616e-06i jac=1.213312763092e+01
TRACE fcgl integrands=2.442699866570e-07 1.805551560789e-07
TRACE fcgl theta=6.093750000000e-01 dbob=4.409328651530e-05 -1.774442262526e-04i divx=-7.036461725195e-05 +1.861565563709e-04i kapx=1.313566536832e-05 -4.356165059180e-06i jac=1.213312763092e+01
TRACE fcgl integrands=2.402689464338e-07 1.875651175526e-07
TRACE fcgl theta=6.132812500000e-01 dbob=3.259579163434e-05 -1.840016795911e-04i divx=-4.821898893875e-05 +1.957541906252e-04i kapx=7.811598652209e-06 -5.876255517082e-06i jac=1.213312763092e+01
TRACE fcgl integrands=2.465741154883e-07 1.962104058927e-07
TRACE fcgl theta=6.171875000000e-01 dbob=2.152813474641e-05 -1.911617538291e-04i divx=-2.672165596441e-05 +2.064912471548e-04i kapx=2.596760609002e-06 -7.664746662852e-06i jac=1.213312763092e+01
TRACE fcgl integrands=2.630018122216e-07 2.064424279850e-07
TRACE fcgl theta=6.210937500000e-01 dbob=1.091881440587e-05 -1.988947147452e-04i divx=-5.924619812140e-06 +2.183174161605e-04i kapx=-2.497097296867e-06 -9.711350707679e-06i jac=1.213312763092e+01
TRACE fcgl integrands=2.893605058462e-07 2.182163140277e-07
TRACE fcgl theta=6.250000000000e-01 dbob=7.934694777177e-07 -2.071781079290e-04i divx=1.412706961025e-05 +2.311973676567e-04i kapx=-7.460269543985e-06 -1.200962986384e-05i jac=1.213312763092e+01
TRACE fcgl integrands=3.254820497513e-07 2.314931534798e-07
TRACE fcgl theta=6.289062500000e-01 dbob=-8.821461359858e-06 -2.159958468593e-04i divx=3.338774710196e-05 +2.451100655621e-04i kapx=-1.228314287105e-05 -1.455710935139e-05i jac=1.213312763092e+01
TRACE fcgl integrands=3.712354005937e-07 2.462390844425e-07
TRACE fcgl theta=6.328125000000e-01 dbob=-1.789584740876e-05 -2.253353440045e-04i divx=5.180454322991e-05 +2.600438205432e-04i kapx=-1.695434791058e-05 -1.735423826935e-05i jac=1.213312763092e+01
TRACE fcgl integrands=4.265188646570e-07 2.624215133316e-07
TRACE fcgl theta=6.367187500000e-01 dbob=-2.639457341276e-05 -2.351833926949e-04i divx=6.931367146715e-05 +2.759882657072e-04i kapx=-2.145954902720e-05 -2.040243650618e-05i jac=1.213312763092e+01
TRACE fcgl integrands=4.912333794218e-07 2.800035487630e-07
TRACE fcgl theta=6.406250000000e-01 dbob=-3.427823715442e-05 -2.455218455292e-04i divx=8.584069195330e-05 +2.929252710217e-04i kapx=-2.578122739944e-05 -2.370171274623e-05i jac=1.213312763092e+01
TRACE fcgl integrands=5.652450390001e-07 2.989382461271e-07
TRACE fcgl theta=6.445312500000e-01 dbob=-4.150567640073e-05 -2.563242011201e-04i divx=1.013047472838e-04 +3.108211207025e-04i kapx=-2.989953544154e-05 -2.724845979121e-05i jac=1.213312763092e+01
TRACE fcgl integrands=6.483483614841e-07 3.191643354486e-07
TRACE fcgl theta=6.484375000000e-01 dbob=-4.803765226551e-05 -2.675539846586e-04i divx=1.156256515209e-04 +3.296219741987e-04i kapx=-3.379399962769e-05 -3.103399477006e-05i jac=1.213312763092e+01
TRACE fcgl integrands=7.402417355653e-07 3.406047214892e-07
TRACE fcgl theta=6.523437500000e-01 dbob=-5.384068242948e-05 -2.791653464409e-04i divx=1.287318943896e-04 +3.492537901680e-04i kapx=-3.744560598005e-05 -3.504422186354e-05i jac=1.213312763092e+01
TRACE fcgl integrands=8.405230874713e-07 3.631683030366e-07
TRACE fcgl theta=6.562500000000e-01 dbob=-5.888995529781e-05 -2.911057266737e-04i divx=1.405673258815e-04 +3.696267330765e-04i kapx=-4.083868529184e-05 -3.926050320136e-05i jac=1.213312763092e+01
TRACE fcgl integrands=9.487080249319e-07 3.867547569807e-07
TRACE fcgl theta=6.601562500000e-01 dbob=-6.317048566012e-05 -3.033198967313e-04i divx=1.510946007406e-04 +3.906429103684e-04i kapx=-4.396205754026e-05 -4.366150681855e-05i jac=1.213312763092e+01
TRACE fcgl integrands=1.064266158213e-06 4.112611160897e-07
TRACE fcgl theta=6.640625000000e-01 dbob=-6.667613575853e-05 -3.157543299756e-04i divx=1.602943113840e-04 +4.122054172779e-04i kapx=-4.680908781274e-05 -4.822554365116e-05i jac=1.213312763092e+01
TRACE fcgl integrands=1.186665820116e-06 4.365884615519e-07
TRACE fcgl theta=6.679687500000e-01 dbob=-6.940670093158e-05 -3.283607754885e-04i divx=1.681598993111e-04 +4.342263312732e-04i kapx=-4.937659918978e-05 -5.293277789233e-05i jac=1.213312763092e+01
TRACE fcgl integrands=1.315414600357e-06 4.626469965191e-07
TRACE fcgl theta=6.718750000000e-01 dbob=-7.136379230352e-05 -3.410981283971e-04i divx=1.746895984595e-04 +4.566315921271e-04i kapx=-5.166290307798e-05 -5.776673186498e-05i jac=1.213312763092e+01
TRACE fcgl integrands=1.450083873805e-06 4.893581889964e-07
TRACE fcgl theta=6.757812500000e-01 dbob=-7.254659547778e-05 -3.539321534879e-04i divx=1.798775132771e-04 +4.793615517589e-04i kapx=-5.366545889964e-05 -6.271469913550e-05i jac=1.213312763092e+01
TRACE fcgl integrands=1.590309768563e-06 5.166534658660e-07
TRACE fcgl theta=6.796875000000e-01 dbob=-7.294864713030e-05 -3.668332014815e-04i divx=1.837062333003e-04 +5.023671555137e-04i kapx=-5.537879308499e-05 -6.776697701614e-05i jac=1.213312763092e+01
TRACE fcgl integrands=1.735769722630e-06 5.444698945905e-07
TRACE fcgl theta=6.835937500000e-01 dbob=-7.255652883582e-05 -3.797726034358e-04i divx=1.861430432491e-04 +5.256029077522e-04i kapx=-5.679325720662e-05 -7.291515215820e-05i jac=1.213312763092e+01
TRACE fcgl integrands=1.886141094511e-06 5.727441450514e-07
TRACE fcgl theta=6.875000000000e-01 dbob=-7.135088919292e-05 -3.927187904656e-04i divx=1.871408831737e-04 +5.490186570115e-04i kapx=-5.789499699039e-05 -7.814993327292e-05i jac=1.213312763092e+01
TRACE fcgl integrands=2.041054118214e-06 6.014065407168e-07
TRACE fcgl theta=6.914062500000e-01 dbob=-6.930959799453e-05 -4.056342638158e-04i divx=1.866439797533e-04 +5.725525672065e-04i kapx=-5.866719087936e-05 -8.345915169533e-05i jac=1.213312763092e+01
TRACE fcgl integrands=2.200054032944e-06 6.303770324987e-07
TRACE fcgl theta=6.953125000000e-01 dbob=-6.641227028987e-05 -4.184743104848e-04i divx=1.845968325445e-04 +5.961273255829e-04i kapx=-5.909228112734e-05 -8.882650754907e-05i jac=1.213312763092e+01
TRACE fcgl integrands=2.362585537182e-06 6.595644389657e-07
TRACE fcgl theta=6.992187500000e-01 dbob=-6.264502543617e-05 -4.311878812387e-04i divx=1.809543292289e-04 +6.196507539946e-04i kapx=-5.915465189638e-05 -9.423143637794e-05i jac=1.213312763092e+01
TRACE fcgl integrands=2.528007066285e-06 6.888694135972e-07
TRACE fcgl theta=7.031250000000e-01 dbob=-5.800426883047e-05 -4.437204482742e-04i divx=1.756904304196e-04 +6.430207716178e-04i kapx=-5.884308079455e-05 -9.965016167180e-05i jac=1.213312763092e+01
TRACE fcgl integrands=2.695634195245e-06 7.181905560371e-07
TRACE fcgl theta=7.070312500000e-01 dbob=-5.249852650255e-05 -4.560181009004e-04i divx=1.688032052993e-04 +6.661334328371e-04i kapx=-5.815233939837e-05 -1.050576659683e-04i jac=1.213312763092e+01
TRACE fcgl integrands=2.864802950358e-06 7.474321626242e-07
TRACE fcgl theta=7.109375000000e-01 dbob=-4.614786440971e-05 -4.680317727439e-04i divx=1.603149327891e-04 +6.888918689791e-04i kapx=-5.708353418970e-05 -1.104300481176e-04i jac=1.213312763092e+01
TRACE fcgl integrands=3.034937380908e-06 7.765115679888e-07
TRACE fcgl theta=7.148437500000e-01 dbob=-3.898105420054e-05 -4.797204262784e-04i divx=1.502672674409e-04 +7.112136482009e-04i kapx=-5.564310662018e-05 -1.157466109613e-04i jac=1.213312763092e+01
TRACE fcgl integrands=3.205603290208e-06 8.053640235454e-07
TRACE fcgl theta=7.187500000000e-01 dbob=-3.103123848387e-05 -4.910522742291e-04i divx=1.387127654980e-04 +7.330344321131e-04i kapx=-5.384076350709e-05 -1.209910789420e-04i jac=1.213312763092e+01
TRACE fcgl integrands=3.376532395519e-06 8.339436084814e-07
TRACE fcgl theta=7.226562500000e-01 dbob=-2.233124261367e-05 -5.020036301378e-04i divx=1.257050273923e-04 +7.543067659471e-04i kapx=-5.168689238930e-05 -1.261515679047e-04i jac=1.213312763092e+01
TRACE fcgl integrands=3.547607924420e-06 8.622196450573e-07
TRACE fcgl theta=7.265625000000e-01 dbob=-1.290976905482e-05 -5.125556182481e-04i divx=1.112900765479e-04 +7.749941434661e-04i kapx=-4.919015374656e-05 -1.312192626090e-04i jac=1.213312763092e+01
TRACE fcgl integrands=3.718812133570e-06 8.901692484323e-07
TRACE fcgl theta=7.304687500000e-01 dbob=-2.789467558820e-06 -5.226895655136e-04i divx=9.550125610765e-05 +7.950617914196e-04i kapx=-4.635589427442e-05 -1.361861129530e-04i jac=1.213312763092e+01
TRACE fcgl integrands=3.890146082673e-06 9.177676847923e-07
TRACE fcgl theta=7.343750000000e-01 dbob=8.012638244848e-06 -5.323822843265e-04i divx=7.835896821244e-05 +8.144665669157e-04i kapx=-4.318580322864e-05 -1.410421412946e-04i jac=1.213312763092e+01
TRACE fcgl integrands=4.061539701774e-06 9.449788659757e-07
TRACE fcgl theta=7.382812500000e-01 dbob=1.948253389376e-05 -5.416025244336e-04i divx=5.987525622262e-05 +8.331486886715e-04i kapx=-3.967889505819e-05 -1.457730821190e-04i jac=1.213312763092e+01
TRACE fcgl integrands=4.232773726511e-06 9.717483924658e-07
TRACE fcgl theta=7.421875000000e-01 dbob=3.160517959496e-05 -5.503096002923e-04i divx=4.006189341103e-05 +8.510276256470e-04i kapx=-3.583353650300e-05 -1.503590126773e-04i jac=1.213312763092e+01
TRACE fcgl integrands=4.403433392980e-06 9.980010280796e-07
TRACE fcgl theta=7.460937500000e-01 dbob=4.436023214448e-05 -5.584546512630e-04i divx=1.893965597569e-05 +8.680034333642e-04i kapx=-3.164994406008e-05 -1.547743910506e-04i jac=1.213312763092e+01
TRACE fcgl integrands=4.572907075387e-06 1.023643461560e-06
TRACE fcgl theta=7.500000000000e-01 dbob=5.771878010287e-05 -5.659843077596e-04i divx=-3.453901620125e-06 +8.839634218842e-04i kapx=-2.713243924137e-05 -1.589895570623e-04i jac=1.213312763092e+01
TRACE fcgl integrands=4.740432746435e-06 1.048571925623e-06
TRACE fcgl theta=7.539062500000e-01 dbob=7.164208557543e-05 -5.728458973324e-04i divx=-2.706047539374e-05 +8.987926288680e-04i kapx=-2.229080509084e-05 -1.629733657678e-04i jac=1.213312763092e+01
TRACE fcgl integrands=4.905183623397e-06 1.072683019784e-06
TRACE fcgl theta=7.578125000000e-01 dbob=8.608278167761e-05 -5.789929027063e-04i divx=-5.180212851893e-05 +9.123855345493e-04i kapx=-1.714032657934e-05 -1.666963159215e-04i jac=1.213312763092e+01
TRACE fcgl integrands=5.066374439107e-06 1.095885232952e-06
TRACE fcgl theta=7.617187500000e-01 dbob=1.009882930853e-04 -5.843892962641e-04i divx=-7.758737672755e-05 +9.246560786580e-04i kapx=-1.170045817887e-05 -1.701333911970e-04i jac=1.213312763092e+01
TRACE fcgl integrands=5.223364010834e-06 1.118108415069e-06
TRACE fcgl theta=7.656250000000e-01 dbob=1.163056118721e-04 -5.890116520974e-04i divx=-1.043207158749e-04 +9.355434371102e-04i kapx=-5.992447998607e-06 -1.732658925064e-04i jac=1.213312763092e+01
TRACE fcgl integrands=5.375729823558e-06 1.139308886938e-06
TRACE fcgl theta=7.695312500000e-01 dbob=1.319861475917e-04 -5.928485100820e-04i divx=-1.319130397446e-04 +9.450120977303e-04i kapx=-3.655392352076e-08 -1.760817938241e-04i jac=1.213312763092e+01
TRACE fcgl integrands=5.523296443024e-06 1.159468912223e-06
TRACE fcgl theta=7.734375000000e-01 dbob=1.479892985796e-04 -5.958971879672e-04i divx=-1.602900447621e-04 +9.530462628911e-04i kapx=6.150373091243e-06 -1.785745374619e-04i jac=1.213312763092e+01
TRACE fcgl integrands=5.666110409132e-06 1.178590635907e-06
TRACE fcgl theta=7.773437500000e-01 dbob=1.642836902222e-04 -5.981589159636e-04i divx=-1.893961570113e-04 +9.596401109887e-04i kapx=1.255623339455e-05 -1.807405975125e-04i jac=1.213312763092e+01
TRACE fcgl integrands=5.804367211930e-06 1.196685972298e-06
TRACE fcgl theta=7.812500000000e-01 dbob=1.808456249730e-04 -5.996336203642e-04i divx=-2.191926502939e-04 +9.647865639649e-04i kapx=1.917351266048e-05 -1.825764718004e-04i jac=1.213312763092e+01
TRACE fcgl integrands=5.938307750381e-06 1.213764946970e-06
TRACE fcgl theta=7.851562500000e-01 dbob=1.976550342379e-04 -6.003157823417e-04i divx=-2.496501649969e-04 +9.684676266519e-04i kapx=2.599756537953e-05 -1.840759221551e-04i jac=1.213312763092e+01
TRACE fcgl integrands=6.068109265042e-06 1.229825390600e-06
TRACE fcgl theta=7.890625000000e-01 dbob=2.146899159443e-04 -6.001925118580e-04i divx=-2.807373803506e-04 +9.706489588190e-04i kapx=3.302373220317e-05 -1.852282234805e-04i jac=1.213312763092e+01
TRACE fcgl integrands=6.193797118134e-06 1.244846537000e-06
TRACE fcgl theta=7.929687500000e-01 dbob=2.319206939788e-04 -5.992443748878e-04i divx=-3.124087187167e-04 +9.712802053865e-04i kapx=4.024401236891e-05 -1.860179152493e-04i jac=1.213312763092e+01
TRACE fcgl integrands=6.315198565920e-06 1.258788072571e-06
TRACE fcgl theta=7.968750000000e-01 dbob=2.493060167489e-04 -5.974487523015e-04i divx=-3.445943512588e-04 +9.703010370830e-04i kapx=4.764416725493e-05 -1.864261423908e-04i jac=1.213312763092e+01
TRACE fcgl integrands=6.431949128997e-06 1.271594771879e-06
TRACE fcgl theta=8.007812500000e-01 dbob=2.667911882738e-04 -5.947847947791e-04i divx=-3.771952997705e-04 +9.676512613812e-04i kapx=5.520205574836e-05 -1.864332333011e-04i jac=1.213312763092e+01
TRACE fcgl integrands=6.543548959540e-06 1.283205394651e-06
TRACE fcgl theta=8.046875000000e-01 dbob=2.843097709507e-04 -5.912385666750e-04i divx=-4.100851887243e-04 +9.632821862244e-04i kapx=6.288770888680e-05 -1.860218097747e-04i jac=1.213312763092e+01
TRACE fcgl integrands=6.649454022602e-06 1.293563390365e-06
TRACE fcgl theta=8.085937500000e-01 dbob=3.017880800905e-04 -5.868068786066e-04i divx=-4.431185030461e-04 +9.571659901935e-04i kapx=7.066521147781e-05 -1.851795557935e-04i jac=1.213312763092e+01
TRACE fcgl integrands=6.749178068416e-06 1.302626455630e-06
TRACE fcgl theta=8.125000000000e-01 dbob=3.191515212655e-04 -5.814986302396e-04i divx=-4.761434914523e-04 +9.493003116135e-04i kapx=7.849598509342e-05 -1.839008406870e-04i jac=1.213312763092e+01
TRACE fcgl integrands=6.842378479362e-06 1.310372259607e-06
TRACE fcgl theta=8.164062500000e-01 dbob=3.363312101228e-04 -5.753331457875e-04i divx=-5.090165812395e-04 +9.397065176329e-04i kapx=8.634268555836e-05 -1.821866859227e-04i jac=1.213312763092e+01
TRACE fcgl integrands=6.928902925716e-06 1.316798643278e-06
TRACE fcgl theta=8.203125000000e-01 dbob=3.532692050739e-04 -5.683358147470e-04i divx=-5.416146925168e-04 +9.284218365016e-04i kapx=9.417274372144e-05 -1.800430108773e-04i jac=1.213312763092e+01
TRACE fcgl integrands=7.008783569903e-06 1.321918073943e-06
TRACE fcgl theta=8.242187500000e-01 dbob=3.699210168577e-04 -5.605321272260e-04i divx=-5.738423096928e-04 +9.154872767482e-04i kapx=1.019606464175e-04 -1.774775747611e-04i jac=1.213312763092e+01
TRACE fcgl integrands=7.082179095311e-06 1.325747728656e-06
TRACE fcgl theta=8.281250000000e-01 dbob=3.862547581925e-04 -5.519417015298e-04i divx=-6.056314877359e-04 +9.009345394872e-04i kapx=1.096883647717e-04 -1.744964189787e-04i jac=1.213312763092e+01
TRACE fcgl integrands=7.149278889170e-06 1.328297875484e-06
TRACE fcgl theta=8.320312500000e-01 dbob=4.022471836963e-04 -5.425739913227e-04i divx=-6.369348114861e-04 +8.847755855136e-04i kapx=1.173438138949e-04 -1.711007970954e-04i jac=1.213312763092e+01
TRACE fcgl integrands=7.210194757463e-06 1.329561861428e-06
TRACE fcgl theta=8.359375000000e-01 dbob=4.178777110709e-04 -5.324269886982e-04i divx=-6.677132092021e-04 +8.669979884162e-04i kapx=1.249177490656e-04 -1.672854998590e-04i jac=1.213312763092e+01
TRACE fcgl integrands=7.264870579033e-06 1.329510793435e-06
TRACE fcgl theta=8.398437500000e-01 dbob=4.331220804358e-04 -5.214894892326e-04i divx=-6.979219411821e-04 +8.475677906531e-04i kapx=1.323999303732e-04 -1.630391507103e-04i jac=1.213312763092e+01
TRACE fcgl integrands=7.313037603811e-06 1.328094921232e-06
TRACE fcgl theta=8.437500000000e-01 dbob=4.479474377165e-04 -5.097465429594e-04i divx=-7.274986434944e-04 +8.264396263295e-04i kapx=1.397756028890e-04 -1.583465416851e-04i jac=1.213312763092e+01
TRACE fcgl integrands=7.354232826937e-06 1.325252032069e-06
TRACE fcgl theta=8.476562500000e-01 dbob=4.623102708891e-04 -4.971868281413e-04i divx=-7.563568267436e-04 +8.035718866985e-04i kapx=1.470232779273e-04 -1.531925292786e-04i jac=1.213312763092e+01
TRACE fcgl integrands=7.387882201266e-06 1.320921263245e-06
TRACE fcgl theta=8.515625000000e-01 dbob=4.761578653305e-04 -4.838100952003e-04i divx=-7.843868054559e-04 +7.789432168543e-04i kapx=1.541144700627e-04 -1.475665608270e-04i jac=1.213312763092e+01
TRACE fcgl integrands=7.413433167911e-06 1.315059126023e-06
TRACE fcgl theta=8.554687500000e-01 dbob=4.894329701085e-04 -4.696327088788e-04i divx=-8.114640183124e-04 +7.525660677040e-04i kapx=1.610155241019e-04 -1.414666794126e-04i jac=1.213312763092e+01
TRACE fcgl integrands=7.430506563071e-06 1.307653664861e-06
TRACE fcgl theta=8.593750000000e-01 dbob=5.020804394751e-04 -4.546897213948e-04i divx=-8.374626193085e-04 +7.244935798085e-04i kapx=1.676910899167e-04 -1.349019292068e-04i jac=1.213312763092e+01
TRACE fcgl integrands=7.439030368223e-06 1.298732827623e-06
TRACE fcgl theta=8.632812500000e-01 dbob=5.140539897663e-04 -4.390327535695e-04i divx=-8.622706395863e-04 +6.948176484825e-04i kapx=1.741083249100e-04 -1.278924474565e-04i jac=1.213312763092e+01
TRACE fcgl integrands=7.439319346640e-06 1.288364317883e-06
TRACE fcgl theta=8.671875000000e-01 dbob=5.253210769189e-04 -4.227240386560e-04i divx=-8.858023923704e-04 +6.636582395241e-04i kapx=1.802406577258e-04 -1.204671004341e-04i jac=1.213312763092e+01
TRACE fcgl integrands=7.432075363991e-06 1.276646187327e-06
TRACE fcgl theta=8.710937500000e-01 dbob=5.358643152680e-04 -4.058280171720e-04i divx=-9.080043348729e-04 +6.311463300695e-04i kapx=1.860700098025e-04 -1.126591564488e-04i jac=1.213312763092e+01
TRACE fcgl integrands=7.418300775192e-06 1.263689733684e-06
TRACE fcgl theta=8.750000000000e-01 dbob=5.456787394448e-04 -3.884025817643e-04i divx=-9.288522215606e-04 +5.974046297093e-04i kapx=1.915867410579e-04 -1.045010239725e-04i jac=1.213312763092e+01
TRACE fcgl integrands=7.399137585941e-06 1.249598324133e-06
TRACE fcgl theta=8.789062500000e-01 dbob=5.547653429839e-04 -3.704922535169e-04i divx=-9.483396981716e-04 +5.625309954373e-04i kapx=1.967871775939e-04 -9.601937096021e-05i jac=1.213312763092e+01
TRACE fcgl integrands=7.375663398600e-06 1.234447034393e-06
TRACE fcgl theta=8.828125000000e-01 dbob=5.631224156147e-04 -3.521251506926e-04i divx=-9.664609047391e-04 +5.265889411241e-04i kapx=2.016692445622e-04 -8.723189521575e-05i jac=1.213312763092e+01
TRACE fcgl integrands=7.348687144657e-06 1.218268124490e-06
TRACE fcgl theta=8.867187500000e-01 dbob=5.707369475226e-04 -3.333146700977e-04i divx=-9.831915295034e-04 +4.896079344065e-04i kapx=2.062272909904e-04 -7.814663215442e-05i jac=1.213312763092e+01
TRACE fcgl integrands=7.318590435138e-06 1.201046275966e-06
TRACE fcgl theta=8.906250000000e-01 dbob=5.775785491517e-04 -3.140655649933e-04i divx=-9.984735457209e-04 +4.515936676082e-04i kapx=2.104474982846e-04 -6.876405130745e-05i jac=1.213312763092e+01
TRACE fcgl integrands=7.285253144308e-06 1.182725397836e-06
TRACE fcgl theta=8.945312500000e-01 dbob=5.835978633276e-04 -2.943828867204e-04i divx=-1.012208290545e-03 +4.125458114305e-04i kapx=2.143052136088e-04 -5.908146235506e-05i jac=1.213312763092e+01
TRACE fcgl integrands=7.248085782053e-06 1.163226129014e-06
TRACE fcgl theta=8.984375000000e-01 dbob=5.887304045645e-04 -2.742813864320e-04i divx=-1.024260675605e-03 +3.724786140206e-04i kapx=2.177651355202e-04 -4.909861379432e-05i jac=1.213312763092e+01
TRACE fcgl integrands=7.206169341759e-06 1.142470536510e-06
TRACE fcgl theta=9.023437500000e-01 dbob=5.929053860306e-04 -2.537927013275e-04i divx=-1.034474565069e-03 +3.314386926050e-04i kapx=2.207845895191e-04 -3.882299563874e-05i jac=1.213312763092e+01
TRACE fcgl integrands=7.158479981910e-06 1.120408564968e-06
TRACE fcgl theta=9.062500000000e-01 dbob=5.960577275220e-04 -2.329680855907e-04i divx=-1.042696387894e-03 +2.895148129337e-04i kapx=2.233193301860e-04 -2.827336367147e-05i jac=1.213312763092e+01
TRACE fcgl integrands=7.104156035372e-06 1.097040042670e-06
TRACE fcgl theta=9.101562500000e-01 dbob=5.981404370814e-04 -2.118755189970e-04i divx=-1.048801631615e-03 +2.468363296554e-04i kapx=2.253305972667e-04 -1.748040532919e-05i jac=1.213312763092e+01
TRACE fcgl integrands=7.042753017794e-06 1.072426748718e-06
TRACE fcgl theta=9.140625000000e-01 dbob=5.991342111969e-04 -1.905914938532e-04i divx=-1.052717663294e-03 +2.035598584007e-04i kapx=2.267917260485e-04 -6.484182273786e-06i jac=1.213312763092e+01
TRACE fcgl integrands=6.974431730679e-06 1.046691120394e-06
TRACE fcgl theta=9.179687500000e-01 dbob=5.990515399849e-04 -1.691892836154e-04i divx=-1.054436732285e-03 +1.598469680481e-04i kapx=2.276925961500e-04 +4.671157783642e-06i jac=1.213312763092e+01
TRACE fcgl integrands=6.900036130169e-06 1.020001211169e-06
TRACE fcgl theta=9.218750000000e-01 dbob=5.979337767811e-04 -1.477266425094e-04i divx=-1.054015031959e-03 +1.158383952096e-04i kapx=2.280406275891e-04 +1.594412364989e-05i jac=1.213312763092e+01
TRACE fcgl integrands=6.821039434074e-06 9.925448124637e-07
TRACE fcgl theta=9.257812500000e-01 dbob=5.958412884955e-04 -1.262363499625e-04i divx=-1.051556924071e-03 +7.163174889842e-05i kapx=2.278578177880e-04 +2.730230053205e-05i jac=1.213312763092e+01
TRACE fcgl integrands=6.739364379155e-06 9.644984230212e-07
TRACE fcgl theta=9.296875000000e-01 dbob=5.928385584589e-04 -1.047226253232e-04i divx=-1.047187120189e-03 +2.726942320339e-05i kapx=2.271742808651e-04 +3.872660105992e-05i jac=1.213312763092e+01
TRACE fcgl integrands=6.657110352659e-06 9.359982676678e-07
TRACE fcgl theta=9.335937500000e-01 dbob=5.889775333183e-04 -8.316523139831e-05i divx=-1.041016868780e-03 -1.725858972557e-05i kapx=2.260196677311e-04 +5.021191056194e-05i jac=1.213312763092e+01
TRACE fcgl integrands=6.576239986548e-06 9.071203909578e-07
TRACE fcgl theta=9.375000000000e-01 dbob=5.842832133131e-04 -6.153130255919e-05i divx=-1.033112169948e-03 -6.199570795508e-05i kapx=2.244144783175e-04 +6.176350525713e-05i jac=1.213312763092e+01
TRACE fcgl integrands=6.498286118696e-06 8.778749541398e-07
┌ Warning: NCDatasets not available; NetCDF functionality disabled.
└ @ Main.JPEC.PENTRC ~/Desktop/JPEC/src/Pentrc/energy.jl:32
[ Info: Forcing hamada coordinate jacobian exponents: power_*
TRACE fcgl theta=9.414062500000e-01 dbob=5.787452584820e-04 -3.979297686131e-05i divx=-1.023472158600e-03 -1.069863527729e-04i kapx=2.223634500591e-04 +7.338966481710e-05i jac=1.213312763092e+01
TRACE fcgl integrands=6.424135210534e-06 8.482166622812e-07
TRACE fcgl theta=9.453125000000e-01 dbob=5.723182165045e-04 -1.794725268931e-05i divx=-1.012023913731e-03 -1.522365957086e-04i kapx=2.198528486131e-04 +8.509192419895e-05i jac=1.213312763092e+01
TRACE fcgl integrands=6.353927133980e-06 8.180695030156e-07
TRACE fcgl theta=9.492187500000e-01 dbob=5.649310947706e-04 +3.966443834790e-06i divx=-9.986364030861e-04 -1.976767587987e-04i kapx=2.168526541577e-04 +9.685515748194e-05i jac=1.213312763092e+01
TRACE fcgl integrands=6.287088060401e-06 7.873605958437e-07
TRACE fcgl theta=9.531250000000e-01 dbob=5.565048096672e-04 +2.585542696530e-05i divx=-9.831518204392e-04 -2.431353380460e-04i kapx=2.133235053860e-04 +1.086399555403e-04i jac=1.213312763092e+01
TRACE fcgl integrands=6.222488426093e-06 7.560557423909e-07
TRACE fcgl theta=9.570312500000e-01 dbob=5.469740552648e-04 +4.757297978250e-05i divx=-9.654282377697e-04 -2.883318841966e-04i kapx=2.092270912525e-04 +1.203794522070e-04i jac=1.213312763092e+01
TRACE fcgl integrands=6.158696463674e-06 7.241887399614e-07
TRACE fcgl theta=9.609375000000e-01 dbob=5.363088251582e-04 +6.892898825692e-05i divx=-9.453843214949e-04 -3.328928020719e-04i kapx=2.045377481683e-04 +1.319819069075e-04i jac=1.213312763092e+01
TRACE fcgl integrands=6.094282752382e-06 6.918777597237e-07
TRACE fcgl theta=9.648437500000e-01 dbob=5.245305404462e-04 +8.971089722514e-05i divx=-9.230356685304e-04 -3.763891649816e-04i kapx=1.992525640421e-04 +1.433391338782e-04i jac=1.213312763092e+01
TRACE fcgl integrands=6.028123937123e-06 6.593247701311e-07
TRACE fcgl theta=9.687500000000e-01 dbob=5.117186031126e-04 +1.097115597395e-04i divx=-8.985134908802e-04 -4.183906479981e-04i kapx=1.933974438838e-04 +1.543395441293e-04i jac=1.213312763092e+01
TRACE fcgl integrands=5.959654142246e-06 6.267974789923e-07
TRACE fcgl theta=9.726562500000e-01 dbob=4.980050640522e-04 +1.287588286228e-04i divx=-8.720597628718e-04 -4.585257063970e-04i kapx=1.870273494098e-04 +1.648834388871e-04i jac=1.213312763092e+01
TRACE fcgl integrands=5.889020083074e-06 5.945968199249e-07
TRACE fcgl theta=9.765625000000e-01 dbob=4.835575869018e-04 +1.467410556585e-04i divx=-8.439978656035e-04 -4.965361201433e-04i kapx=1.802201393508e-04 +1.748975322424e-04i jac=1.213312763092e+01
TRACE fcgl integrands=5.817109840198e-06 5.630159132631e-07
TRACE fcgl theta=9.804687500000e-01 dbob=4.685534637595e-04 +1.636232149511e-04i divx=-8.146831587684e-04 -5.323145320811e-04i kapx=1.730648475045e-04 +1.843456585650e-04i jac=1.213312763092e+01
TRACE fcgl integrands=5.745444881796e-06 5.322981570332e-07
TRACE fcgl theta=9.843750000000e-01 dbob=4.531495210162e-04 +1.794500745737e-04i divx=-7.844425740292e-04 -5.659166114534e-04i kapx=1.656465265065e-04 +1.932332684398e-04i jac=1.213312763092e+01
TRACE fcgl integrands=5.675948467148e-06 5.026023652518e-07
TRACE fcgl theta=9.882812500000e-01 dbob=4.374538620155e-04 +1.943353642696e-04i divx=-7.535151789317e-04 -5.975443933466e-04i kapx=1.580306584581e-04 +2.016045145385e-04i jac=1.213312763092e+01
TRACE fcgl integrands=5.610627735163e-06 4.739816454248e-07
TRACE fcgl theta=9.921875000000e-01 dbob=4.215052546474e-04 +2.084386958838e-04i divx=-7.220060096229e-04 -6.275031492491e-04i kapx=1.502503774877e-04 +2.095322266827e-04i jac=1.213312763092e+01
TRACE fcgl integrands=5.551226692550e-06 4.463802176013e-07
TRACE fcgl theta=9.960937500000e-01 dbob=4.052645866673e-04 +2.219344833010e-04i divx=-6.898631675769e-04 -6.561395837452e-04i kapx=1.422992904548e-04 +2.171025502221e-04i jac=1.213312763092e+01
TRACE fcgl integrands=5.498917522119e-06 4.196490592033e-07
TRACE fcgl theta=1.000000000000e+00 dbob=3.886204580167e-04 +2.349787383738e-04i divx=-6.568836666221e-04 -6.837730369541e-04i kapx=1.341316043027e-04 +2.243971492902e-04i jac=1.213312763092e+01
TRACE fcgl integrands=5.454093952218e-06 3.935777106346e-07
TRACE fcgl integral_1=6.683198281046e-06 integral_2=7.931519817056e-07
TRACE fcgl result=0.000000000000e+00 +3.175472651259e-01i
TRACE tpsi end method=fcgl psi=1.000000000000000e-01 tpsi=0.000000000000e+00 +3.175472651259e-01i
psi=0.1 local_tpsi=0.000000000000e+00 +3.175472651259e-01i
